Archive member included to satisfy reference by file (symbol)

/tmp/arduino-core-cache/core_STM32_stm32_GenF4_b556ff8dea8d76f2849b723f656b7eb6.a(startup_stm32yyxx.S.o)
                              (Reset_Handler)
/tmp/arduino-core-cache/core_STM32_stm32_GenF4_b556ff8dea8d76f2849b723f656b7eb6.a(wiring_digital.c.o)
                              /tmp/arduino-sketch-F68FC29A978A9634A417CF70ED05C1A1/sketch/proto_2_f405.ino.cpp.o (pinMode)
/tmp/arduino-core-cache/core_STM32_stm32_GenF4_b556ff8dea8d76f2849b723f656b7eb6.a(wiring_time.c.o)
                              /tmp/arduino-sketch-F68FC29A978A9634A417CF70ED05C1A1/sketch/proto_2_f405.ino.cpp.o (delay)
/tmp/arduino-core-cache/core_STM32_stm32_GenF4_b556ff8dea8d76f2849b723f656b7eb6.a(HardwareTimer.cpp.o)
                              /tmp/arduino-sketch-F68FC29A978A9634A417CF70ED05C1A1/libraries/SrcWrapper/stm32/analog.cpp.o (HardwareTimer::resume())
/tmp/arduino-core-cache/core_STM32_stm32_GenF4_b556ff8dea8d76f2849b723f656b7eb6.a(main.cpp.o)
                              /home/groowy/.arduino15/packages/STM32/tools/xpack-arm-none-eabi-gcc/9.2.1-1.1/bin/../lib/gcc/arm-none-eabi/9.2.1/../../../../arm-none-eabi/lib/thumb/v7e-m+fp/hard/crt0.o (main)
/tmp/arduino-core-cache/core_STM32_stm32_GenF4_b556ff8dea8d76f2849b723f656b7eb6.a(new.cpp.o)
                              /tmp/arduino-sketch-F68FC29A978A9634A417CF70ED05C1A1/libraries/SrcWrapper/stm32/analog.cpp.o (operator new(unsigned int))
/tmp/arduino-core-cache/core_STM32_stm32_GenF4_b556ff8dea8d76f2849b723f656b7eb6.a(board.c.o)
                              /tmp/arduino-core-cache/core_STM32_stm32_GenF4_b556ff8dea8d76f2849b723f656b7eb6.a(main.cpp.o) (init)
/tmp/arduino-core-cache/core_STM32_stm32_GenF4_b556ff8dea8d76f2849b723f656b7eb6.a(hooks.c.o)
                              /tmp/arduino-core-cache/core_STM32_stm32_GenF4_b556ff8dea8d76f2849b723f656b7eb6.a(wiring_time.c.o) (yield)
/tmp/arduino-core-cache/core_STM32_stm32_GenF4_b556ff8dea8d76f2849b723f656b7eb6.a(wiring_analog.c.o)
                              /tmp/arduino-core-cache/core_STM32_stm32_GenF4_b556ff8dea8d76f2849b723f656b7eb6.a(wiring_digital.c.o) (g_anOutputPinConfigured)
/tmp/arduino-core-cache/core_STM32_stm32_GenF4_b556ff8dea8d76f2849b723f656b7eb6.a(WSerial.cpp.o)
                              /tmp/arduino-core-cache/core_STM32_stm32_GenF4_b556ff8dea8d76f2849b723f656b7eb6.a(main.cpp.o) (serialEventRun())
/tmp/arduino-core-cache/core_STM32_stm32_GenF4_b556ff8dea8d76f2849b723f656b7eb6.a(pins_arduino.c.o)
                              /tmp/arduino-core-cache/core_STM32_stm32_GenF4_b556ff8dea8d76f2849b723f656b7eb6.a(wiring_analog.c.o) (analogInputToPinName)
/tmp/arduino-core-cache/core_STM32_stm32_GenF4_b556ff8dea8d76f2849b723f656b7eb6.a(HardwareSerial.cpp.o)
                              /tmp/arduino-core-cache/core_STM32_stm32_GenF4_b556ff8dea8d76f2849b723f656b7eb6.a(WSerial.cpp.o) (HardwareSerial::available())
/tmp/arduino-core-cache/core_STM32_stm32_GenF4_b556ff8dea8d76f2849b723f656b7eb6.a(Print.cpp.o)
                              /tmp/arduino-core-cache/core_STM32_stm32_GenF4_b556ff8dea8d76f2849b723f656b7eb6.a(HardwareSerial.cpp.o) (Print::write(unsigned char const*, unsigned int))
/tmp/arduino-core-cache/core_STM32_stm32_GenF4_b556ff8dea8d76f2849b723f656b7eb6.a(Stream.cpp.o)
                              /tmp/arduino-core-cache/core_STM32_stm32_GenF4_b556ff8dea8d76f2849b723f656b7eb6.a(HardwareSerial.cpp.o) (Stream::readBytes(char*, unsigned int))
/tmp/arduino-core-cache/core_STM32_stm32_GenF4_b556ff8dea8d76f2849b723f656b7eb6.a(WString.cpp.o)
                              /tmp/arduino-core-cache/core_STM32_stm32_GenF4_b556ff8dea8d76f2849b723f656b7eb6.a(Stream.cpp.o) (String::String(char const*))
/tmp/arduino-core-cache/core_STM32_stm32_GenF4_b556ff8dea8d76f2849b723f656b7eb6.a(abi.cpp.o)
                              /tmp/arduino-core-cache/core_STM32_stm32_GenF4_b556ff8dea8d76f2849b723f656b7eb6.a(Print.cpp.o) (__cxa_pure_virtual)
/tmp/arduino-core-cache/core_STM32_stm32_GenF4_b556ff8dea8d76f2849b723f656b7eb6.a(dtostrf.c.o)
                              /tmp/arduino-core-cache/core_STM32_stm32_GenF4_b556ff8dea8d76f2849b723f656b7eb6.a(WString.cpp.o) (dtostrf)
/tmp/arduino-core-cache/core_STM32_stm32_GenF4_b556ff8dea8d76f2849b723f656b7eb6.a(itoa.c.o)
                              /tmp/arduino-core-cache/core_STM32_stm32_GenF4_b556ff8dea8d76f2849b723f656b7eb6.a(WString.cpp.o) (ltoa)
/home/groowy/.arduino15/packages/STM32/tools/xpack-arm-none-eabi-gcc/9.2.1-1.1/bin/../lib/gcc/arm-none-eabi/9.2.1/../../../../arm-none-eabi/lib/thumb/v7e-m+fp/hard/libc_nano.a(lib_a-atof.o)
                              /tmp/arduino-core-cache/core_STM32_stm32_GenF4_b556ff8dea8d76f2849b723f656b7eb6.a(WString.cpp.o) (atof)
/home/groowy/.arduino15/packages/STM32/tools/xpack-arm-none-eabi-gcc/9.2.1-1.1/bin/../lib/gcc/arm-none-eabi/9.2.1/../../../../arm-none-eabi/lib/thumb/v7e-m+fp/hard/libc_nano.a(lib_a-atol.o)
[...]
Memory Configuration

Name             Origin             Length             Attributes
*default*        0x0000000000000000 0xffffffffffffffff
RAM              0x0000000020000000 0x0000000000020000 xrw
CCMRAM           0x0000000010000000 0x0000000000010000 rw
FLASH            0x0000000008000000 0x0000000000080000 xr

Linker script and memory map

LOAD /home/groowy/.arduino15/packages/STM32/tools/CMSIS/5.5.1/CMSIS/DSP/Lib/GCC//libarm_cortexM4lf_math.a
START GROUP
LOAD /tmp/arduino-sketch-F68FC29A978A9634A417CF70ED05C1A1/sketch/SrcWrapper.cpp.o
LOAD /tmp/arduino-sketch-F68FC29A978A9634A417CF70ED05C1A1/sketch/proto_2_f405.ino.cpp.o
LOAD /tmp/arduino-sketch-F68FC29A978A9634A417CF70ED05C1A1/libraries/SrcWrapper/syscalls.c.o
LOAD /tmp/arduino-sketch-F68FC29A978A9634A417CF70ED05C1A1/libraries/SrcWrapper/HAL/stm32yyxx_hal.c.o
LOAD /tmp/arduino-sketch-F68FC29A978A9634A417CF70ED05C1A1/libraries/SrcWrapper/HAL/stm32yyxx_hal_adc.c.o
LOAD /tmp/arduino-sketch-F68FC29A978A9634A417CF70ED05C1A1/libraries/SrcWrapper/HAL/stm32yyxx_hal_adc_ex.c.o
LOAD /tmp/arduino-sketch-F68FC29A978A9634A417CF70ED05C1A1/libraries/SrcWrapper/HAL/stm32yyxx_hal_can.c.o
LOAD /tmp/arduino-sketch-F68FC29A978A9634A417CF70ED05C1A1/libraries/SrcWrapper/HAL/stm32yyxx_hal_cec.c.o
LOAD /tmp/arduino-sketch-F68FC29A978A9634A417CF70ED05C1A1/libraries/SrcWrapper/HAL/stm32yyxx_hal_comp.c.o
LOAD /tmp/arduino-sketch-F68FC29A978A9634A417CF70ED05C1A1/libraries/SrcWrapper/HAL/stm32yyxx_hal_comp_ex.c.o
LOAD /tmp/arduino-sketch-F68FC29A978A9634A417CF70ED05C1A1/libraries/SrcWrapper/HAL/stm32yyxx_hal_cordic.c.o
LOAD /tmp/arduino-sketch-F68FC29A978A9634A417CF70ED05C1A1/libraries/SrcWrapper/HAL/stm32yyxx_hal_cortex.c.o
LOAD /tmp/arduino-sketch-F68FC29A978A9634A417CF70ED05C1A1/libraries/SrcWrapper/HAL/stm32yyxx_hal_crc.c.o
LOAD /tmp/arduino-sketch-F68FC29A978A9634A417CF70ED05C1A1/libraries/SrcWrapper/HAL/stm32yyxx_hal_crc_ex.c.o
LOAD /tmp/arduino-sketch-F68FC29A978A9634A417CF70ED05C1A1/libraries/SrcWrapper/HAL/stm32yyxx_hal_cryp.c.o
LOAD /tmp/arduino-sketch-F68FC29A978A9634A417CF70ED05C1A1/libraries/SrcWrapper/HAL/stm32yyxx_hal_cryp_ex.c.o
LOAD /tmp/arduino-sketch-F68FC29A978A9634A417CF70ED05C1A1/libraries/SrcWrapper/HAL/stm32yyxx_hal_dac.c.o
LOAD /tmp/arduino-sketch-F68FC29A978A9634A417CF70ED05C1A1/libraries/SrcWrapper/HAL/stm32yyxx_hal_dac_ex.c.o
LOAD /tmp/arduino-sketch-F68FC29A978A9634A417CF70ED05C1A1/libraries/SrcWrapper/HAL/stm32yyxx_hal_dcmi.c.o
LOAD /tmp/arduino-sketch-F68FC29A978A9634A417CF70ED05C1A1/libraries/SrcWrapper/HAL/stm32yyxx_hal_dcmi_ex.c.o
LOAD /tmp/arduino-sketch-F68FC29A978A9634A417CF70ED05C1A1/libraries/SrcWrapper/HAL/stm32yyxx_hal_dfsdm.c.o
LOAD /tmp/arduino-sketch-F68FC29A978A9634A417CF70ED05C1A1/libraries/SrcWrapper/HAL/stm32yyxx_hal_dfsdm_ex.c.o
LOAD /tmp/arduino-sketch-F68FC29A978A9634A417CF70ED05C1A1/libraries/SrcWrapper/HAL/stm32yyxx_hal_dma.c.o
LOAD /tmp/arduino-sketch-F68FC29A978A9634A417CF70ED05C1A1/libraries/SrcWrapper/HAL/stm32yyxx_hal_dma2d.c.o
LOAD /tmp/arduino-sketch-F68FC29A978A9634A417CF70ED05C1A1/libraries/SrcWrapper/HAL/stm32yyxx_hal_dma_ex.c.o
LOAD /tmp/arduino-sketch-F68FC29A978A9634A417CF70ED05C1A1/libraries/SrcWrapper/HAL/stm32yyxx_hal_dsi.c.o
LOAD /tmp/arduino-sketch-F68FC29A978A9634A417CF70ED05C1A1/libraries/SrcWrapper/HAL/stm32yyxx_hal_dts.c.o
LOAD /tmp/arduino-sketch-F68FC29A978A9634A417CF70ED05C1A1/libraries/SrcWrapper/HAL/stm32yyxx_hal_eth.c.o
LOAD /tmp/arduino-sketch-F68FC29A978A9634A417CF70ED05C1A1/libraries/SrcWrapper/HAL/stm32yyxx_hal_eth_ex.c.o
LOAD /tmp/arduino-sketch-F68FC29A978A9634A417CF70ED05C1A1/libraries/SrcWrapper/HAL/stm32yyxx_hal_exti.c.o
LOAD /tmp/arduino-sketch-F68FC29A978A9634A417CF70ED05C1A1/libraries/SrcWrapper/HAL/stm32yyxx_hal_fdcan.c.o
LOAD /tmp/arduino-sketch-F68FC29A978A9634A417CF70ED05C1A1/libraries/SrcWrapper/HAL/stm32yyxx_hal_firewall.c.o
LOAD /tmp/arduino-sketch-F68FC29A978A9634A417CF70ED05C1A1/libraries/SrcWrapper/HAL/stm32yyxx_hal_flash.c.o
LOAD /tmp/arduino-sketch-F68FC29A978A9634A417CF70ED05C1A1/libraries/SrcWrapper/HAL/stm32yyxx_hal_flash_ex.c.o
LOAD /tmp/arduino-sketch-F68FC29A978A9634A417CF70ED05C1A1/libraries/SrcWrapper/HAL/stm32yyxx_hal_flash_ramfunc.c.o
LOAD /tmp/arduino-sketch-F68FC29A978A9634A417CF70ED05C1A1/libraries/SrcWrapper/HAL/stm32yyxx_hal_fmac.c.o
LOAD /tmp/arduino-sketch-F68FC29A978A9634A417CF70ED05C1A1/libraries/SrcWrapper/HAL/stm32yyxx_hal_fmpi2c.c.o
LOAD /tmp/arduino-sketch-F68FC29A978A9634A417CF70ED05C1A1/libraries/SrcWrapper/HAL/stm32yyxx_hal_fmpi2c_ex.c.o
LOAD /tmp/arduino-sketch-F68FC29A978A9634A417CF70ED05C1A1/libraries/SrcWrapper/HAL/stm32yyxx_hal_gfxmmu.c.o
LOAD /tmp/arduino-sketch-F68FC29A978A9634A417CF70ED05C1A1/libraries/SrcWrapper/HAL/stm32yyxx_hal_gpio.c.o
LOAD /tmp/arduino-sketch-F68FC29A978A9634A417CF70ED05C1A1/libraries/SrcWrapper/HAL/stm32yyxx_hal_gpio_ex.c.o
LOAD /tmp/arduino-sketch-F68FC29A978A9634A417CF70ED05C1A1/libraries/SrcWrapper/HAL/stm32yyxx_hal_hash.c.o
LOAD /tmp/arduino-sketch-F68FC29A978A9634A417CF70ED05C1A1/libraries/SrcWrapper/HAL/stm32yyxx_hal_hash_ex.c.o
LOAD /tmp/arduino-sketch-F68FC29A978A9634A417CF70ED05C1A1/libraries/SrcWrapper/HAL/stm32yyxx_hal_hcd.c.o
LOAD /tmp/arduino-sketch-F68FC29A978A9634A417CF70ED05C1A1/libraries/SrcWrapper/HAL/stm32yyxx_hal_hrtim.c.o
LOAD /tmp/arduino-sketch-F68FC29A978A9634A417CF70ED05C1A1/libraries/SrcWrapper/HAL/stm32yyxx_hal_hsem.c.o
LOAD /tmp/arduino-sketch-F68FC29A978A9634A417CF70ED05C1A1/libraries/SrcWrapper/HAL/stm32yyxx_hal_i2c.c.o
LOAD /tmp/arduino-sketch-F68FC29A978A9634A417CF70ED05C1A1/libraries/SrcWrapper/HAL/stm32yyxx_hal_i2c_ex.c.o
LOAD /tmp/arduino-sketch-F68FC29A978A9634A417CF70ED05C1A1/libraries/SrcWrapper/HAL/stm32yyxx_hal_i2s.c.o
LOAD /tmp/arduino-sketch-F68FC29A978A9634A417CF70ED05C1A1/libraries/SrcWrapper/HAL/stm32yyxx_hal_i2s_ex.c.o
LOAD /tmp/arduino-sketch-F68FC29A978A9634A417CF70ED05C1A1/libraries/SrcWrapper/HAL/stm32yyxx_hal_ipcc.c.o
LOAD /tmp/arduino-sketch-F68FC29A978A9634A417CF70ED05C1A1/libraries/SrcWrapper/HAL/stm32yyxx_hal_irda.c.o
LOAD /tmp/arduino-sketch-F68FC29A978A9634A417CF70ED05C1A1/libraries/SrcWrapper/HAL/stm32yyxx_hal_iwdg.c.o
LOAD /tmp/arduino-sketch-F68FC29A978A9634A417CF70ED05C1A1/libraries/SrcWrapper/HAL/stm32yyxx_hal_jpeg.c.o
LOAD /tmp/arduino-sketch-F68FC29A978A9634A417CF70ED05C1A1/libraries/SrcWrapper/HAL/stm32yyxx_hal_lcd.c.o
LOAD /tmp/arduino-sketch-F68FC29A978A9634A417CF70ED05C1A1/libraries/SrcWrapper/HAL/stm32yyxx_hal_lptim.c.o
LOAD /tmp/arduino-sketch-F68FC29A978A9634A417CF70ED05C1A1/libraries/SrcWrapper/HAL/stm32yyxx_hal_ltdc.c.o
LOAD /tmp/arduino-sketch-F68FC29A978A9634A417CF70ED05C1A1/libraries/SrcWrapper/HAL/stm32yyxx_hal_ltdc_ex.c.o
LOAD /tmp/arduino-sketch-F68FC29A978A9634A417CF70ED05C1A1/libraries/SrcWrapper/HAL/stm32yyxx_hal_mdios.c.o
LOAD /tmp/arduino-sketch-F68FC29A978A9634A417CF70ED05C1A1/libraries/SrcWrapper/HAL/stm32yyxx_hal_mdma.c.o
LOAD /tmp/arduino-sketch-F68FC29A978A9634A417CF70ED05C1A1/libraries/SrcWrapper/HAL/stm32yyxx_hal_mmc.c.o
LOAD /tmp/arduino-sketch-F68FC29A978A9634A417CF70ED05C1A1/libraries/SrcWrapper/HAL/stm32yyxx_hal_mmc_ex.c.o
LOAD /tmp/arduino-sketch-F68FC29A978A9634A417CF70ED05C1A1/libraries/SrcWrapper/HAL/stm32yyxx_hal_nand.c.o
LOAD /tmp/arduino-sketch-F68FC29A978A9634A417CF70ED05C1A1/libraries/SrcWrapper/HAL/stm32yyxx_hal_nor.c.o
LOAD /tmp/arduino-sketch-F68FC29A978A9634A417CF70ED05C1A1/libraries/SrcWrapper/HAL/stm32yyxx_hal_opamp.c.o
LOAD /tmp/arduino-sketch-F68FC29A978A9634A417CF70ED05C1A1/libraries/SrcWrapper/HAL/stm32yyxx_hal_opamp_ex.c.o
LOAD /tmp/arduino-sketch-F68FC29A978A9634A417CF70ED05C1A1/libraries/SrcWrapper/HAL/stm32yyxx_hal_ospi.c.o
LOAD /tmp/arduino-sketch-F68FC29A978A9634A417CF70ED05C1A1/libraries/SrcWrapper/HAL/stm32yyxx_hal_otfdec.c.o
LOAD /tmp/arduino-sketch-F68FC29A978A9634A417CF70ED05C1A1/libraries/SrcWrapper/HAL/stm32yyxx_hal_pccard.c.o
LOAD /tmp/arduino-sketch-F68FC29A978A9634A417CF70ED05C1A1/libraries/SrcWrapper/HAL/stm32yyxx_hal_pcd.c.o
LOAD /tmp/arduino-sketch-F68FC29A978A9634A417CF70ED05C1A1/libraries/SrcWrapper/HAL/stm32yyxx_hal_pcd_ex.c.o
LOAD /tmp/arduino-sketch-F68FC29A978A9634A417CF70ED05C1A1/libraries/SrcWrapper/HAL/stm32yyxx_hal_pka.c.o
LOAD /tmp/arduino-sketch-F68FC29A978A9634A417CF70ED05C1A1/libraries/SrcWrapper/HAL/stm32yyxx_hal_pssi.c.o
LOAD /tmp/arduino-sketch-F68FC29A978A9634A417CF70ED05C1A1/libraries/SrcWrapper/HAL/stm32yyxx_hal_pwr.c.o
LOAD /tmp/arduino-sketch-F68FC29A978A9634A417CF70ED05C1A1/libraries/SrcWrapper/HAL/stm32yyxx_hal_pwr_ex.c.o
LOAD /tmp/arduino-sketch-F68FC29A978A9634A417CF70ED05C1A1/libraries/SrcWrapper/HAL/stm32yyxx_hal_qspi.c.o
LOAD /tmp/arduino-sketch-F68FC29A978A9634A417CF70ED05C1A1/libraries/SrcWrapper/HAL/stm32yyxx_hal_ramecc.c.o
LOAD /tmp/arduino-sketch-F68FC29A978A9634A417CF70ED05C1A1/libraries/SrcWrapper/HAL/stm32yyxx_hal_rcc.c.o
LOAD /tmp/arduino-sketch-F68FC29A978A9634A417CF70ED05C1A1/libraries/SrcWrapper/HAL/stm32yyxx_hal_rcc_ex.c.o
LOAD /tmp/arduino-sketch-F68FC29A978A9634A417CF70ED05C1A1/libraries/SrcWrapper/HAL/stm32yyxx_hal_rng.c.o
LOAD /tmp/arduino-sketch-F68FC29A978A9634A417CF70ED05C1A1/libraries/SrcWrapper/HAL/stm32yyxx_hal_rng_ex.c.o
LOAD /tmp/arduino-sketch-F68FC29A978A9634A417CF70ED05C1A1/libraries/SrcWrapper/HAL/stm32yyxx_hal_rtc.c.o
LOAD /tmp/arduino-sketch-F68FC29A978A9634A417CF70ED05C1A1/libraries/SrcWrapper/HAL/stm32yyxx_hal_rtc_ex.c.o
LOAD /tmp/arduino-sketch-F68FC29A978A9634A417CF70ED05C1A1/libraries/SrcWrapper/HAL/stm32yyxx_hal_sai.c.o
LOAD /tmp/arduino-sketch-F68FC29A978A9634A417CF70ED05C1A1/libraries/SrcWrapper/HAL/stm32yyxx_hal_sai_ex.c.o
LOAD /tmp/arduino-sketch-F68FC29A978A9634A417CF70ED05C1A1/libraries/SrcWrapper/HAL/stm32yyxx_hal_sd.c.o
LOAD /tmp/arduino-sketch-F68FC29A978A9634A417CF70ED05C1A1/libraries/SrcWrapper/HAL/stm32yyxx_hal_sd_ex.c.o
LOAD /tmp/arduino-sketch-F68FC29A978A9634A417CF70ED05C1A1/libraries/SrcWrapper/HAL/stm32yyxx_hal_sdadc.c.o
LOAD /tmp/arduino-sketch-F68FC29A978A9634A417CF70ED05C1A1/libraries/SrcWrapper/HAL/stm32yyxx_hal_sdram.c.o
LOAD /tmp/arduino-sketch-F68FC29A978A9634A417CF70ED05C1A1/libraries/SrcWrapper/HAL/stm32yyxx_hal_smartcard.c.o
LOAD /tmp/arduino-sketch-F68FC29A978A9634A417CF70ED05C1A1/libraries/SrcWrapper/HAL/stm32yyxx_hal_smartcard_ex.c.o
LOAD /tmp/arduino-sketch-F68FC29A978A9634A417CF70ED05C1A1/libraries/SrcWrapper/HAL/stm32yyxx_hal_smbus.c.o
LOAD /tmp/arduino-sketch-F68FC29A978A9634A417CF70ED05C1A1/libraries/SrcWrapper/HAL/stm32yyxx_hal_spdifrx.c.o
LOAD /tmp/arduino-sketch-F68FC29A978A9634A417CF70ED05C1A1/libraries/SrcWrapper/HAL/stm32yyxx_hal_spi.c.o
LOAD /tmp/arduino-sketch-F68FC29A978A9634A417CF70ED05C1A1/libraries/SrcWrapper/HAL/stm32yyxx_hal_spi_ex.c.o
LOAD /tmp/arduino-sketch-F68FC29A978A9634A417CF70ED05C1A1/libraries/SrcWrapper/HAL/stm32yyxx_hal_sram.c.o
LOAD /tmp/arduino-sketch-F68FC29A978A9634A417CF70ED05C1A1/libraries/SrcWrapper/HAL/stm32yyxx_hal_swpmi.c.o
LOAD /tmp/arduino-sketch-F68FC29A978A9634A417CF70ED05C1A1/libraries/SrcWrapper/HAL/stm32yyxx_hal_tim.c.o
LOAD /tmp/arduino-sketch-F68FC29A978A9634A417CF70ED05C1A1/libraries/SrcWrapper/HAL/stm32yyxx_hal_tim_ex.c.o
LOAD /tmp/arduino-sketch-F68FC29A978A9634A417CF70ED05C1A1/libraries/SrcWrapper/HAL/stm32yyxx_hal_tsc.c.o
LOAD /tmp/arduino-sketch-F68FC29A978A9634A417CF70ED05C1A1/libraries/SrcWrapper/HAL/stm32yyxx_hal_uart.c.o
LOAD /tmp/arduino-sketch-F68FC29A978A9634A417CF70ED05C1A1/libraries/SrcWrapper/HAL/stm32yyxx_hal_uart_ex.c.o
LOAD /tmp/arduino-sketch-F68FC29A978A9634A417CF70ED05C1A1/libraries/SrcWrapper/HAL/stm32yyxx_hal_usart.c.o
LOAD /tmp/arduino-sketch-F68FC29A978A9634A417CF70ED05C1A1/libraries/SrcWrapper/HAL/stm32yyxx_hal_usart_ex.c.o
LOAD /tmp/arduino-sketch-F68FC29A978A9634A417CF70ED05C1A1/libraries/SrcWrapper/HAL/stm32yyxx_hal_wwdg.c.o
LOAD /tmp/arduino-sketch-F68FC29A978A9634A417CF70ED05C1A1/libraries/SrcWrapper/LL/stm32yyxx_ll_adc.c.o
LOAD /tmp/arduino-sketch-F68FC29A978A9634A417CF70ED05C1A1/libraries/SrcWrapper/LL/stm32yyxx_ll_bdma.c.o
LOAD /tmp/arduino-sketch-F68FC29A978A9634A417CF70ED05C1A1/libraries/SrcWrapper/LL/stm32yyxx_ll_comp.c.o
LOAD /tmp/arduino-sketch-F68FC29A978A9634A417CF70ED05C1A1/libraries/SrcWrapper/LL/stm32yyxx_ll_cordic.c.o
LOAD /tmp/arduino-sketch-F68FC29A978A9634A417CF70ED05C1A1/libraries/SrcWrapper/LL/stm32yyxx_ll_crc.c.o
LOAD /tmp/arduino-sketch-F68FC29A978A9634A417CF70ED05C1A1/libraries/SrcWrapper/LL/stm32yyxx_ll_crs.c.o
LOAD /tmp/arduino-sketch-F68FC29A978A9634A417CF70ED05C1A1/libraries/SrcWrapper/LL/stm32yyxx_ll_dac.c.o
LOAD /tmp/arduino-sketch-F68FC29A978A9634A417CF70ED05C1A1/libraries/SrcWrapper/LL/stm32yyxx_ll_delayblock.c.o
LOAD /tmp/arduino-sketch-F68FC29A978A9634A417CF70ED05C1A1/libraries/SrcWrapper/LL/stm32yyxx_ll_dma.c.o
LOAD /tmp/arduino-sketch-F68FC29A978A9634A417CF70ED05C1A1/libraries/SrcWrapper/LL/stm32yyxx_ll_dma2d.c.o
LOAD /tmp/arduino-sketch-F68FC29A978A9634A417CF70ED05C1A1/libraries/SrcWrapper/LL/stm32yyxx_ll_exti.c.o
LOAD /tmp/arduino-sketch-F68FC29A978A9634A417CF70ED05C1A1/libraries/SrcWrapper/LL/stm32yyxx_ll_fmac.c.o
LOAD /tmp/arduino-sketch-F68FC29A978A9634A417CF70ED05C1A1/libraries/SrcWrapper/LL/stm32yyxx_ll_fmc.c.o
LOAD /tmp/arduino-sketch-F68FC29A978A9634A417CF70ED05C1A1/libraries/SrcWrapper/LL/stm32yyxx_ll_fsmc.c.o
LOAD /tmp/arduino-sketch-F68FC29A978A9634A417CF70ED05C1A1/libraries/SrcWrapper/LL/stm32yyxx_ll_gpio.c.o
LOAD /tmp/arduino-sketch-F68FC29A978A9634A417CF70ED05C1A1/libraries/SrcWrapper/LL/stm32yyxx_ll_hrtim.c.o
LOAD /tmp/arduino-sketch-F68FC29A978A9634A417CF70ED05C1A1/libraries/SrcWrapper/LL/stm32yyxx_ll_i2c.c.o
LOAD /tmp/arduino-sketch-F68FC29A978A9634A417CF70ED05C1A1/libraries/SrcWrapper/LL/stm32yyxx_ll_lptim.c.o
LOAD /tmp/arduino-sketch-F68FC29A978A9634A417CF70ED05C1A1/libraries/SrcWrapper/LL/stm32yyxx_ll_lpuart.c.o
LOAD /tmp/arduino-sketch-F68FC29A978A9634A417CF70ED05C1A1/libraries/SrcWrapper/LL/stm32yyxx_ll_mdma.c.o
LOAD /tmp/arduino-sketch-F68FC29A978A9634A417CF70ED05C1A1/libraries/SrcWrapper/LL/stm32yyxx_ll_opamp.c.o
LOAD /tmp/arduino-sketch-F68FC29A978A9634A417CF70ED05C1A1/libraries/SrcWrapper/LL/stm32yyxx_ll_pka.c.o
LOAD /tmp/arduino-sketch-F68FC29A978A9634A417CF70ED05C1A1/libraries/SrcWrapper/LL/stm32yyxx_ll_pwr.c.o
LOAD /tmp/arduino-sketch-F68FC29A978A9634A417CF70ED05C1A1/libraries/SrcWrapper/LL/stm32yyxx_ll_rcc.c.o
LOAD /tmp/arduino-sketch-F68FC29A978A9634A417CF70ED05C1A1/libraries/SrcWrapper/LL/stm32yyxx_ll_rng.c.o
LOAD /tmp/arduino-sketch-F68FC29A978A9634A417CF70ED05C1A1/libraries/SrcWrapper/LL/stm32yyxx_ll_rtc.c.o
LOAD /tmp/arduino-sketch-F68FC29A978A9634A417CF70ED05C1A1/libraries/SrcWrapper/LL/stm32yyxx_ll_sdmmc.c.o
LOAD /tmp/arduino-sketch-F68FC29A978A9634A417CF70ED05C1A1/libraries/SrcWrapper/LL/stm32yyxx_ll_spi.c.o
LOAD /tmp/arduino-sketch-F68FC29A978A9634A417CF70ED05C1A1/libraries/SrcWrapper/LL/stm32yyxx_ll_swpmi.c.o
LOAD /tmp/arduino-sketch-F68FC29A978A9634A417CF70ED05C1A1/libraries/SrcWrapper/LL/stm32yyxx_ll_tim.c.o
LOAD /tmp/arduino-sketch-F68FC29A978A9634A417CF70ED05C1A1/libraries/SrcWrapper/LL/stm32yyxx_ll_ucpd.c.o
LOAD /tmp/arduino-sketch-F68FC29A978A9634A417CF70ED05C1A1/libraries/SrcWrapper/LL/stm32yyxx_ll_usart.c.o
LOAD /tmp/arduino-sketch-F68FC29A978A9634A417CF70ED05C1A1/libraries/SrcWrapper/LL/stm32yyxx_ll_usb.c.o
LOAD /tmp/arduino-sketch-F68FC29A978A9634A417CF70ED05C1A1/libraries/SrcWrapper/LL/stm32yyxx_ll_utils.c.o
LOAD /tmp/arduino-sketch-F68FC29A978A9634A417CF70ED05C1A1/libraries/SrcWrapper/stm32/PortNames.c.o
LOAD /tmp/arduino-sketch-F68FC29A978A9634A417CF70ED05C1A1/libraries/SrcWrapper/stm32/bootloader.c.o
LOAD /tmp/arduino-sketch-F68FC29A978A9634A417CF70ED05C1A1/libraries/SrcWrapper/stm32/clock.c.o
LOAD /tmp/arduino-sketch-F68FC29A978A9634A417CF70ED05C1A1/libraries/SrcWrapper/stm32/core_callback.c.o
LOAD /tmp/arduino-sketch-F68FC29A978A9634A417CF70ED05C1A1/libraries/SrcWrapper/stm32/dwt.c.o
LOAD /tmp/arduino-sketch-F68FC29A978A9634A417CF70ED05C1A1/libraries/SrcWrapper/stm32/hw_config.c.o
LOAD /tmp/arduino-sketch-F68FC29A978A9634A417CF70ED05C1A1/libraries/SrcWrapper/stm32/lock_resource.c.o
LOAD /tmp/arduino-sketch-F68FC29A978A9634A417CF70ED05C1A1/libraries/SrcWrapper/stm32/low_power.c.o
LOAD /tmp/arduino-sketch-F68FC29A978A9634A417CF70ED05C1A1/libraries/SrcWrapper/stm32/pinmap.c.o
LOAD /tmp/arduino-sketch-F68FC29A978A9634A417CF70ED05C1A1/libraries/SrcWrapper/stm32/rtc.c.o
LOAD /tmp/arduino-sketch-F68FC29A978A9634A417CF70ED05C1A1/libraries/SrcWrapper/stm32/stm32_def.c.o
LOAD /tmp/arduino-sketch-F68FC29A978A9634A417CF70ED05C1A1/libraries/SrcWrapper/stm32/stm32_eeprom.c.o
LOAD /tmp/arduino-sketch-F68FC29A978A9634A417CF70ED05C1A1/libraries/SrcWrapper/stm32/system_stm32yyxx.c.o
LOAD /tmp/arduino-sketch-F68FC29A978A9634A417CF70ED05C1A1/libraries/SrcWrapper/stm32/timer.c.o
LOAD /tmp/arduino-sketch-F68FC29A978A9634A417CF70ED05C1A1/libraries/SrcWrapper/stm32/uart.c.o
LOAD /tmp/arduino-sketch-F68FC29A978A9634A417CF70ED05C1A1/libraries/SrcWrapper/stm32/analog.cpp.o
LOAD /tmp/arduino-sketch-F68FC29A978A9634A417CF70ED05C1A1/libraries/SrcWrapper/stm32/interrupt.cpp.o
LOAD /tmp/arduino-sketch-F68FC29A978A9634A417CF70ED05C1A1/core/PeripheralPins.c.o
LOAD /tmp/arduino-sketch-F68FC29A978A9634A417CF70ED05C1A1/core/variant.cpp.o
LOAD /tmp/arduino-core-cache/core_STM32_stm32_GenF4_b556ff8dea8d76f2849b723f656b7eb6.a
LOAD /home/groowy/.arduino15/packages/STM32/tools/xpack-arm-none-eabi-gcc/9.2.1-1.1/bin/../lib/gcc/arm-none-eabi/9.2.1/../../../../arm-none-eabi/lib/thumb/v7e-m+fp/hard/libc_nano.a
END GROUP
LOAD /home/groowy/.arduino15/packages/STM32/tools/xpack-arm-none-eabi-gcc/9.2.1-1.1/bin/../lib/gcc/arm-none-eabi/9.2.1/../../../../arm-none-eabi/lib/thumb/v7e-m+fp/hard/libm.a
LOAD /home/groowy/.arduino15/packages/STM32/tools/xpack-arm-none-eabi-gcc/9.2.1-1.1/bin/../lib/gcc/arm-none-eabi/9.2.1/thumb/v7e-m+fp/hard/libgcc.a
LOAD /home/groowy/.arduino15/packages/STM32/tools/xpack-arm-none-eabi-gcc/9.2.1-1.1/bin/../lib/gcc/arm-none-eabi/9.2.1/../../../../arm-none-eabi/lib/thumb/v7e-m+fp/hard/libstdc++_nano.a
START GROUP
LOAD /home/groowy/.arduino15/packages/STM32/tools/xpack-arm-none-eabi-gcc/9.2.1-1.1/bin/../lib/gcc/arm-none-eabi/9.2.1/thumb/v7e-m+fp/hard/libgcc.a
LOAD /home/groowy/.arduino15/packages/STM32/tools/xpack-arm-none-eabi-gcc/9.2.1-1.1/bin/../lib/gcc/arm-none-eabi/9.2.1/../../../../arm-none-eabi/lib/thumb/v7e-m+fp/hard/libc_nano.a
END GROUP
START GROUP
LOAD /home/groowy/.arduino15/packages/STM32/tools/xpack-arm-none-eabi-gcc/9.2.1-1.1/bin/../lib/gcc/arm-none-eabi/9.2.1/thumb/v7e-m+fp/hard/libgcc.a
LOAD /home/groowy/.arduino15/packages/STM32/tools/xpack-arm-none-eabi-gcc/9.2.1-1.1/bin/../lib/gcc/arm-none-eabi/9.2.1/../../../../arm-none-eabi/lib/thumb/v7e-m+fp/hard/libc_nano.a
END GROUP
LOAD /home/groowy/.arduino15/packages/STM32/tools/xpack-arm-none-eabi-gcc/9.2.1-1.1/bin/../lib/gcc/arm-none-eabi/9.2.1/thumb/v7e-m+fp/hard/crtend.o
LOAD /home/groowy/.arduino15/packages/STM32/tools/xpack-arm-none-eabi-gcc/9.2.1-1.1/bin/../lib/gcc/arm-none-eabi/9.2.1/thumb/v7e-m+fp/hard/crtn.o
                0x0000000020020000                _estack = (0x20000000 + LD_MAX_DATA_SIZE)
                0x0000000000000200                _Min_Heap_Size = 0x200
                0x0000000000000400                _Min_Stack_Size = 0x400

.isr_vector     0x0000000008000000      0x188
                0x0000000008000000                . = ALIGN (0x4)
 *(.isr_vector)
 .isr_vector    0x0000000008000000      0x188 /tmp/arduino-core-cache/core_STM32_stm32_GenF4_b556ff8dea8d76f2849b723f656b7eb6.a(startup_stm32yyxx.S.o)
                0x0000000008000000                g_pfnVectors
                0x0000000008000188                . = ALIGN (0x4)

.text           0x0000000008000188     0x2890
                0x0000000008000188                . = ALIGN (0x4)
 *(.text)
 .text          0x0000000008000188       0x30 /home/groowy/.arduino15/packages/STM32/tools/xpack-arm-none-eabi-gcc/9.2.1-1.1/bin/../lib/gcc/arm-none-eabi/9.2.1/thumb/v7e-m+fp/hard/libgcc.a(_aeabi_uldivmod.o)
                0x0000000008000188                __aeabi_uldivmod
 .text          0x00000000080001b8        0x4 /home/groowy/.arduino15/packages/STM32/tools/xpack-arm-none-eabi-gcc/9.2.1-1.1/bin/../lib/gcc/arm-none-eabi/9.2.1/thumb/v7e-m+fp/hard/libgcc.a(_dvmd_tls.o)
                0x00000000080001b8                __aeabi_ldiv0
                0x00000000080001b8                __aeabi_idiv0
 *(.text*)
 .text.__do_global_dtors_aux
                0x00000000080001bc       0x24 /home/groowy/.arduino15/packages/STM32/tools/xpack-arm-none-eabi-gcc/9.2.1-1.1/bin/../lib/gcc/arm-none-eabi/9.2.1/thumb/v7e-m+fp/hard/crtbegin.o
 .text.frame_dummy
                0x00000000080001e0       0x1c /home/groowy/.arduino15/packages/STM32/tools/xpack-arm-none-eabi-gcc/9.2.1-1.1/bin/../lib/gcc/arm-none-eabi/9.2.1/thumb/v7e-m+fp/hard/crtbegin.o
 .text.setup    0x00000000080001fc       0x16 /tmp/arduino-sketch-F68FC29A978A9634A417CF70ED05C1A1/sketch/proto_2_f405.ino.cpp.o
                0x00000000080001fc                setup
 .text.loop     0x0000000008000212       0x36 /tmp/arduino-sketch-F68FC29A978A9634A417CF70ED05C1A1/sketch/proto_2_f405.ino.cpp.o
                0x0000000008000212                loop
 .text._sbrk    0x0000000008000248       0x3c /tmp/arduino-sketch-F68FC29A978A9634A417CF70ED05C1A1/libraries/SrcWrapper/syscalls.c.o
                0x0000000008000248                _sbrk
 .text._exit    0x0000000008000284        0x2 /tmp/arduino-sketch-F68FC29A978A9634A417CF70ED05C1A1/libraries/SrcWrapper/syscalls.c.o
                0x0000000008000284                _exit
 *fill*         0x0000000008000286        0x2 
 .text._kill    0x0000000008000288       0x10 /tmp/arduino-sketch-F68FC29A978A9634A417CF70ED05C1A1/libraries/SrcWrapper/syscalls.c.o
                0x0000000008000288                _kill
 .text._getpid  0x0000000008000298        0x4 /tmp/arduino-sketch-F68FC29A978A9634A417CF70ED05C1A1/libraries/SrcWrapper/syscalls.c.o
                0x0000000008000298                _getpid
 .text.HAL_MspInit
                0x000000000800029c        0x2 /tmp/arduino-sketch-F68FC29A978A9634A417CF70ED05C1A1/libraries/SrcWrapper/HAL/stm32yyxx_hal.c.o
                0x000000000800029c                HAL_MspInit
 *fill*         0x000000000800029e        0x2 
 .text.HAL_InitTick
                0x00000000080002a0       0x48 /tmp/arduino-sketch-F68FC29A978A9634A417CF70ED05C1A1/libraries/SrcWrapper/HAL/stm32yyxx_hal.c.o
                0x00000000080002a0                HAL_InitTick
 .text.HAL_Init
                0x00000000080002e8       0x34 /tmp/arduino-sketch-F68FC29A978A9634A417CF70ED05C1A1/libraries/SrcWrapper/HAL/stm32yyxx_hal.c.o
                0x00000000080002e8                HAL_Init
 .text.HAL_IncTick
                0x000000000800031c       0x18 /tmp/arduino-sketch-F68FC29A978A9634A417CF70ED05C1A1/libraries/SrcWrapper/HAL/stm32yyxx_hal.c.o
                0x000000000800031c                HAL_IncTick
 .text.HAL_GetTick
                0x0000000008000334        0xc /tmp/arduino-sketch-F68FC29A978A9634A417CF70ED05C1A1/libraries/SrcWrapper/HAL/stm32yyxx_hal.c.o
                0x0000000008000334                HAL_GetTick
 .text.HAL_NVIC_SetPriorityGrouping
                0x0000000008000340       0x24 /tmp/arduino-sketch-F68FC29A978A9634A417CF70ED05C1A1/libraries/SrcWrapper/HAL/stm32yyxx_hal_cortex.c.o
                0x0000000008000340                HAL_NVIC_SetPriorityGrouping
 .text.HAL_NVIC_SetPriority
                0x0000000008000364       0x64 /tmp/arduino-sketch-F68FC29A978A9634A417CF70ED05C1A1/libraries/SrcWrapper/HAL/stm32yyxx_hal_cortex.c.o
                0x0000000008000364                HAL_NVIC_SetPriority
 .text.HAL_NVIC_EnableIRQ
                0x00000000080003c8       0x1c /tmp/arduino-sketch-F68FC29A978A9634A417CF70ED05C1A1/libraries/SrcWrapper/HAL/stm32yyxx_hal_cortex.c.o
                0x00000000080003c8                HAL_NVIC_EnableIRQ
 .text.HAL_NVIC_DisableIRQ
                0x00000000080003e4       0x28 /tmp/arduino-sketch-F68FC29A978A9634A417CF70ED05C1A1/libraries/SrcWrapper/HAL/stm32yyxx_hal_cortex.c.o
                0x00000000080003e4                HAL_NVIC_DisableIRQ
 .text.HAL_SYSTICK_Config
                0x000000000800040c       0x2c /tmp/arduino-sketch-F68FC29A978A9634A417CF70ED05C1A1/libraries/SrcWrapper/HAL/stm32yyxx_hal_cortex.c.o
                0x000000000800040c                HAL_SYSTICK_Config
 .text.HAL_NVIC_ClearPendingIRQ
                0x0000000008000438       0x20 /tmp/arduino-sketch-F68FC29A978A9634A417CF70ED05C1A1/libraries/SrcWrapper/HAL/stm32yyxx_hal_cortex.c.o
                0x0000000008000438                HAL_NVIC_ClearPendingIRQ
 .text.HAL_SYSTICK_Callback
                0x0000000008000458        0x2 /tmp/arduino-sketch-F68FC29A978A9634A417CF70ED05C1A1/libraries/SrcWrapper/HAL/stm32yyxx_hal_cortex.c.o
                0x0000000008000458                HAL_SYSTICK_Callback
 .text.HAL_SYSTICK_IRQHandler
                0x000000000800045a        0x8 /tmp/arduino-sketch-F68FC29A978A9634A417CF70ED05C1A1/libraries/SrcWrapper/HAL/stm32yyxx_hal_cortex.c.o
                0x000000000800045a                HAL_SYSTICK_IRQHandler
 .text.HAL_DAC_DeInit
                0x0000000008000462       0x1c /tmp/arduino-sketch-F68FC29A978A9634A417CF70ED05C1A1/libraries/SrcWrapper/HAL/stm32yyxx_hal_dac.c.o
                0x0000000008000462                HAL_DAC_DeInit
 .text.HAL_DAC_Stop
                0x000000000800047e       0x18 /tmp/arduino-sketch-F68FC29A978A9634A417CF70ED05C1A1/libraries/SrcWrapper/HAL/stm32yyxx_hal_dac.c.o
                0x000000000800047e                HAL_DAC_Stop
 .text.HAL_DMA_Abort_IT
                0x0000000008000496       0x24 /tmp/arduino-sketch-F68FC29A978A9634A417CF70ED05C1A1/libraries/SrcWrapper/HAL/stm32yyxx_hal_dma.c.o
                0x0000000008000496                HAL_DMA_Abort_IT
 *fill*         0x00000000080004ba        0x2 
 .text.HAL_GPIO_EXTI_IRQHandler
                0x00000000080004bc       0x18 /tmp/arduino-sketch-F68FC29A978A9634A417CF70ED05C1A1/libraries/SrcWrapper/HAL/stm32yyxx_hal_gpio.c.o
                0x00000000080004bc                HAL_GPIO_EXTI_IRQHandler
 .text.HAL_RCC_OscConfig
                0x00000000080004d4      0x350 /tmp/arduino-sketch-F68FC29A978A9634A417CF70ED05C1A1/libraries/SrcWrapper/HAL/stm32yyxx_hal_rcc.c.o
                0x00000000080004d4                HAL_RCC_OscConfig
 .text.HAL_RCC_GetSysClockFreq
                0x0000000008000824       0x5c /tmp/arduino-sketch-F68FC29A978A9634A417CF70ED05C1A1/libraries/SrcWrapper/HAL/stm32yyxx_hal_rcc.c.o
                0x0000000008000824                HAL_RCC_GetSysClockFreq
 .text.HAL_RCC_ClockConfig
                0x0000000008000880      0x138 /tmp/arduino-sketch-F68FC29A978A9634A417CF70ED05C1A1/libraries/SrcWrapper/HAL/stm32yyxx_hal_rcc.c.o
                0x0000000008000880                HAL_RCC_ClockConfig
 .text.HAL_RTC_AlarmIRQHandler
                0x00000000080009b8       0x54 /tmp/arduino-sketch-F68FC29A978A9634A417CF70ED05C1A1/libraries/SrcWrapper/HAL/stm32yyxx_hal_rtc.c.o
                0x00000000080009b8                HAL_RTC_AlarmIRQHandler
 .text.HAL_RTCEx_AlarmBEventCallback
                0x0000000008000a0c        0x2 /tmp/arduino-sketch-F68FC29A978A9634A417CF70ED05C1A1/libraries/SrcWrapper/HAL/stm32yyxx_hal_rtc_ex.c.o
                0x0000000008000a0c                HAL_RTCEx_AlarmBEventCallback
 .text.HAL_TIM_PWM_PulseFinishedCallback
                0x0000000008000a0e        0x2 /tmp/arduino-sketch-F68FC29A978A9634A417CF70ED05C1A1/libraries/SrcWrapper/HAL/stm32yyxx_hal_tim.c.o
                0x0000000008000a0e                HAL_TIM_PWM_PulseFinishedCallback
 .text.HAL_TIM_TriggerCallback
                0x0000000008000a10        0x2 /tmp/arduino-sketch-F68FC29A978A9634A417CF70ED05C1A1/libraries/SrcWrapper/HAL/stm32yyxx_hal_tim.c.o
                0x0000000008000a10                HAL_TIM_TriggerCallback
 .text.HAL_TIM_IRQHandler
                0x0000000008000a12      0x144 /tmp/arduino-sketch-F68FC29A978A9634A417CF70ED05C1A1/libraries/SrcWrapper/HAL/stm32yyxx_hal_tim.c.o
                0x0000000008000a12                HAL_TIM_IRQHandler
 *fill*         0x0000000008000b56        0x2 
 .text.TIM_Base_SetConfig
                0x0000000008000b58       0xcc /tmp/arduino-sketch-F68FC29A978A9634A417CF70ED05C1A1/libraries/SrcWrapper/HAL/stm32yyxx_hal_tim.c.o
                0x0000000008000b58                TIM_Base_SetConfig
 .text.HAL_TIM_Base_Init
                0x0000000008000c24       0x34 /tmp/arduino-sketch-F68FC29A978A9634A417CF70ED05C1A1/libraries/SrcWrapper/HAL/stm32yyxx_hal_tim.c.o
                0x0000000008000c24                HAL_TIM_Base_Init
 .text.HAL_TIMEx_CommutCallback
                0x0000000008000c58        0x2 /tmp/arduino-sketch-F68FC29A978A9634A417CF70ED05C1A1/libraries/SrcWrapper/HAL/stm32yyxx_hal_tim_ex.c.o
                0x0000000008000c58                HAL_TIMEx_CommutCallback
 .text.HAL_TIMEx_BreakCallback
                0x0000000008000c5a        0x2 /tmp/arduino-sketch-F68FC29A978A9634A417CF70ED05C1A1/libraries/SrcWrapper/HAL/stm32yyxx_hal_tim_ex.c.o
                0x0000000008000c5a                HAL_TIMEx_BreakCallback
 .text.UART_EndRxTransfer
                0x0000000008000c5c       0x1a /tmp/arduino-sketch-F68FC29A978A9634A417CF70ED05C1A1/libraries/SrcWrapper/HAL/stm32yyxx_hal_uart.c.o
 .text.HAL_UART_Transmit_IT
                0x0000000008000c76       0x3e /tmp/arduino-sketch-F68FC29A978A9634A417CF70ED05C1A1/libraries/SrcWrapper/HAL/stm32yyxx_hal_uart.c.o
                0x0000000008000c76                HAL_UART_Transmit_IT
 .text.HAL_UART_Receive_IT
                0x0000000008000cb4       0x4e /tmp/arduino-sketch-F68FC29A978A9634A417CF70ED05C1A1/libraries/SrcWrapper/HAL/stm32yyxx_hal_uart.c.o
                0x0000000008000cb4                HAL_UART_Receive_IT
 .text.UART_Receive_IT
                0x0000000008000d02       0x76 /tmp/arduino-sketch-F68FC29A978A9634A417CF70ED05C1A1/libraries/SrcWrapper/HAL/stm32yyxx_hal_uart.c.o
 .text.HAL_UART_IRQHandler
                0x0000000008000d78      0x148 /tmp/arduino-sketch-F68FC29A978A9634A417CF70ED05C1A1/libraries/SrcWrapper/HAL/stm32yyxx_hal_uart.c.o
                0x0000000008000d78                HAL_UART_IRQHandler
 .text.UART_DMAAbortOnError
                0x0000000008000ec0       0x10 /tmp/arduino-sketch-F68FC29A978A9634A417CF70ED05C1A1/libraries/SrcWrapper/HAL/stm32yyxx_hal_uart.c.o
 .text.HAL_HalfDuplex_EnableTransmitter
                0x0000000008000ed0       0x30 /tmp/arduino-sketch-F68FC29A978A9634A417CF70ED05C1A1/libraries/SrcWrapper/HAL/stm32yyxx_hal_uart.c.o
                0x0000000008000ed0                HAL_HalfDuplex_EnableTransmitter
 .text.HAL_HalfDuplex_EnableReceiver
                0x0000000008000f00       0x30 /tmp/arduino-sketch-F68FC29A978A9634A417CF70ED05C1A1/libraries/SrcWrapper/HAL/stm32yyxx_hal_uart.c.o
                0x0000000008000f00                HAL_HalfDuplex_EnableReceiver
 .text.HAL_UART_GetState
                0x0000000008000f30        0xc /tmp/arduino-sketch-F68FC29A978A9634A417CF70ED05C1A1/libraries/SrcWrapper/HAL/stm32yyxx_hal_uart.c.o
                0x0000000008000f30                HAL_UART_GetState
 .text.set_GPIO_Port_Clock
                0x0000000008000f3c      0x130 /tmp/arduino-sketch-F68FC29A978A9634A417CF70ED05C1A1/libraries/SrcWrapper/stm32/PortNames.c.o
                0x0000000008000f3c                set_GPIO_Port_Clock
 .text.getCurrentMillis
                0x000000000800106c        0x4 /tmp/arduino-sketch-F68FC29A978A9634A417CF70ED05C1A1/libraries/SrcWrapper/stm32/clock.c.o
                0x000000000800106c                getCurrentMillis
 .text.noOsSystickHandler
                0x0000000008001070        0x2 /tmp/arduino-sketch-F68FC29A978A9634A417CF70ED05C1A1/libraries/SrcWrapper/stm32/clock.c.o
                0x0000000008001070                noOsSystickHandler
                0x0000000008001070                osSystickHandler
 .text.SysTick_Handler
                0x0000000008001072       0x10 /tmp/arduino-sketch-F68FC29A978A9634A417CF70ED05C1A1/libraries/SrcWrapper/stm32/clock.c.o
                0x0000000008001072                SysTick_Handler
 *fill*         0x0000000008001082        0x2 
 .text.dwt_init
                0x0000000008001084       0x38 /tmp/arduino-sketch-F68FC29A978A9634A417CF70ED05C1A1/libraries/SrcWrapper/stm32/dwt.c.o
                0x0000000008001084                dwt_init
 .text.hw_config_init
                0x00000000080010bc       0x12 /tmp/arduino-sketch-F68FC29A978A9634A417CF70ED05C1A1/libraries/SrcWrapper/stm32/hw_config.c.o
                0x00000000080010bc                hw_config_init
 .text.LL_GPIO_SetPinOutputType
                0x00000000080010ce       0x24 /tmp/arduino-sketch-F68FC29A978A9634A417CF70ED05C1A1/libraries/SrcWrapper/stm32/pinmap.c.o
 .text.LL_GPIO_SetPinPull
                0x00000000080010f2       0x2a /tmp/arduino-sketch-F68FC29A978A9634A417CF70ED05C1A1/libraries/SrcWrapper/stm32/pinmap.c.o
 .text.pin_in_pinmap
                0x000000000800111c       0x1e /tmp/arduino-sketch-F68FC29A978A9634A417CF70ED05C1A1/libraries/SrcWrapper/stm32/pinmap.c.o
                0x000000000800111c                pin_in_pinmap
 *fill*         0x000000000800113a        0x2 
 .text.pin_function
                0x000000000800113c      0x130 /tmp/arduino-sketch-F68FC29A978A9634A417CF70ED05C1A1/libraries/SrcWrapper/stm32/pinmap.c.o
                0x000000000800113c                pin_function
 .text.pinmap_find_peripheral
                0x000000000800126c       0x18 /tmp/arduino-sketch-F68FC29A978A9634A417CF70ED05C1A1/libraries/SrcWrapper/stm32/pinmap.c.o
                0x000000000800126c                pinmap_find_peripheral
 .text.pinmap_peripheral
                0x0000000008001284        0xc /tmp/arduino-sketch-F68FC29A978A9634A417CF70ED05C1A1/libraries/SrcWrapper/stm32/pinmap.c.o
                0x0000000008001284                pinmap_peripheral
 .text.pinmap_find_pin
                0x0000000008001290       0x18 /tmp/arduino-sketch-F68FC29A978A9634A417CF70ED05C1A1/libraries/SrcWrapper/stm32/pinmap.c.o
                0x0000000008001290                pinmap_find_pin
 .text.pinmap_pin
                0x00000000080012a8        0xc /tmp/arduino-sketch-F68FC29A978A9634A417CF70ED05C1A1/libraries/SrcWrapper/stm32/pinmap.c.o
                0x00000000080012a8                pinmap_pin
 .text.pinmap_find_function
                0x00000000080012b4       0x18 /tmp/arduino-sketch-F68FC29A978A9634A417CF70ED05C1A1/libraries/SrcWrapper/stm32/pinmap.c.o
                0x00000000080012b4                pinmap_find_function
 .text.pinmap_function
                0x00000000080012cc        0xa /tmp/arduino-sketch-F68FC29A978A9634A417CF70ED05C1A1/libraries/SrcWrapper/stm32/pinmap.c.o
                0x00000000080012cc                pinmap_function
 *fill*         0x00000000080012d6        0x2 
 .text.HAL_RTC_AlarmAEventCallback
                0x00000000080012d8       0x18 /tmp/arduino-sketch-F68FC29A978A9634A417CF70ED05C1A1/libraries/SrcWrapper/stm32/rtc.c.o
                0x00000000080012d8                HAL_RTC_AlarmAEventCallback
 .text.RTC_Alarm_IRQHandler
                0x00000000080012f0        0xc /tmp/arduino-sketch-F68FC29A978A9634A417CF70ED05C1A1/libraries/SrcWrapper/stm32/rtc.c.o
                0x00000000080012f0                RTC_Alarm_IRQHandler
 .text._Error_Handler
                0x00000000080012fc        0x2 /tmp/arduino-sketch-F68FC29A978A9634A417CF70ED05C1A1/libraries/SrcWrapper/stm32/stm32_def.c.o
                0x00000000080012fc                _Error_Handler
 *fill*         0x00000000080012fe        0x2 
 .text.SystemInit
                0x0000000008001300       0x4c /tmp/arduino-sketch-F68FC29A978A9634A417CF70ED05C1A1/libraries/SrcWrapper/stm32/system_stm32yyxx.c.o
                0x0000000008001300                SystemInit
 .text.get_timer_obj
                0x000000000800134c        0x4 /tmp/arduino-sketch-F68FC29A978A9634A417CF70ED05C1A1/libraries/SrcWrapper/stm32/timer.c.o
                0x000000000800134c                get_timer_obj
 .text.enableTimerClock
                0x0000000008001350      0x1f0 /tmp/arduino-sketch-F68FC29A978A9634A417CF70ED05C1A1/libraries/SrcWrapper/stm32/timer.c.o
                0x0000000008001350                enableTimerClock
 .text.disableTimerClock
                0x0000000008001540      0x124 /tmp/arduino-sketch-F68FC29A978A9634A417CF70ED05C1A1/libraries/SrcWrapper/stm32/timer.c.o
                0x0000000008001540                disableTimerClock
 .text.getTimerUpIrq
                0x0000000008001664       0xc4 /tmp/arduino-sketch-F68FC29A978A9634A417CF70ED05C1A1/libraries/SrcWrapper/stm32/timer.c.o
                0x0000000008001664                getTimerUpIrq
 .text.getTimerCCIrq
                0x0000000008001728       0xcc /tmp/arduino-sketch-F68FC29A978A9634A417CF70ED05C1A1/libraries/SrcWrapper/stm32/timer.c.o
                0x0000000008001728                getTimerCCIrq
 .text.HAL_TIM_Base_MspInit
                0x00000000080017f4       0x50 /tmp/arduino-sketch-F68FC29A978A9634A417CF70ED05C1A1/libraries/SrcWrapper/stm32/timer.c.o
                0x00000000080017f4                HAL_TIM_Base_MspInit
 .text.serial_rx_active
                0x0000000008001844       0x24 /tmp/arduino-sketch-F68FC29A978A9634A417CF70ED05C1A1/libraries/SrcWrapper/stm32/uart.c.o
                0x0000000008001844                serial_rx_active
 .text.serial_tx_active
                0x0000000008001868       0x24 /tmp/arduino-sketch-F68FC29A978A9634A417CF70ED05C1A1/libraries/SrcWrapper/stm32/uart.c.o
                0x0000000008001868                serial_tx_active
 .text.uart_attach_tx_callback
                0x000000000800188c       0x48 /tmp/arduino-sketch-F68FC29A978A9634A417CF70ED05C1A1/libraries/SrcWrapper/stm32/uart.c.o
                0x000000000800188c                uart_attach_tx_callback
 .text.uart_enable_tx
                0x00000000080018d4       0x20 /tmp/arduino-sketch-F68FC29A978A9634A417CF70ED05C1A1/libraries/SrcWrapper/stm32/uart.c.o
                0x00000000080018d4                uart_enable_tx
 .text.uart_enable_rx
                0x00000000080018f4       0x20 /tmp/arduino-sketch-F68FC29A978A9634A417CF70ED05C1A1/libraries/SrcWrapper/stm32/uart.c.o
                0x00000000080018f4                uart_enable_rx
 .text.HAL_UART_RxCpltCallback
                0x0000000008001914        0x6 /tmp/arduino-sketch-F68FC29A978A9634A417CF70ED05C1A1/libraries/SrcWrapper/stm32/uart.c.o
                0x0000000008001914                HAL_UART_RxCpltCallback
 .text.HAL_UART_TxCpltCallback
                0x000000000800191a       0x26 /tmp/arduino-sketch-F68FC29A978A9634A417CF70ED05C1A1/libraries/SrcWrapper/stm32/uart.c.o
                0x000000000800191a                HAL_UART_TxCpltCallback
 .text.HAL_UART_ErrorCallback
                0x0000000008001940       0x7a /tmp/arduino-sketch-F68FC29A978A9634A417CF70ED05C1A1/libraries/SrcWrapper/stm32/uart.c.o
                0x0000000008001940                HAL_UART_ErrorCallback
 *fill*         0x00000000080019ba        0x2 
 .text.USART1_IRQHandler
                0x00000000080019bc       0x18 /tmp/arduino-sketch-F68FC29A978A9634A417CF70ED05C1A1/libraries/SrcWrapper/stm32/uart.c.o
                0x00000000080019bc                USART1_IRQHandler
 .text.USART2_IRQHandler
                0x00000000080019d4       0x18 /tmp/arduino-sketch-F68FC29A978A9634A417CF70ED05C1A1/libraries/SrcWrapper/stm32/uart.c.o
                0x00000000080019d4                USART2_IRQHandler
 .text.USART3_IRQHandler
                0x00000000080019ec       0x1c /tmp/arduino-sketch-F68FC29A978A9634A417CF70ED05C1A1/libraries/SrcWrapper/stm32/uart.c.o
                0x00000000080019ec                USART3_IRQHandler
 .text.UART4_IRQHandler
                0x0000000008001a08       0x18 /tmp/arduino-sketch-F68FC29A978A9634A417CF70ED05C1A1/libraries/SrcWrapper/stm32/uart.c.o
                0x0000000008001a08                UART4_IRQHandler
 .text.UART5_IRQHandler
                0x0000000008001a20       0x18 /tmp/arduino-sketch-F68FC29A978A9634A417CF70ED05C1A1/libraries/SrcWrapper/stm32/uart.c.o
                0x0000000008001a20                UART5_IRQHandler
 .text.USART6_IRQHandler
                0x0000000008001a38       0x18 /tmp/arduino-sketch-F68FC29A978A9634A417CF70ED05C1A1/libraries/SrcWrapper/stm32/uart.c.o
                0x0000000008001a38                USART6_IRQHandler
 .text.HAL_DAC_MspDeInit
                0x0000000008001a50       0x2c /tmp/arduino-sketch-F68FC29A978A9634A417CF70ED05C1A1/libraries/SrcWrapper/stm32/analog.cpp.o
                0x0000000008001a50                HAL_DAC_MspDeInit
 .text.dac_stop
                0x0000000008001a7c       0x38 /tmp/arduino-sketch-F68FC29A978A9634A417CF70ED05C1A1/libraries/SrcWrapper/stm32/analog.cpp.o
                0x0000000008001a7c                dac_stop
 .text.pwm_stop
                0x0000000008001ab4       0x60 /tmp/arduino-sketch-F68FC29A978A9634A417CF70ED05C1A1/libraries/SrcWrapper/stm32/analog.cpp.o
                0x0000000008001ab4                pwm_stop
 .text._ZNSt14_Function_baseD2Ev
                0x0000000008001b14       0x12 /tmp/arduino-sketch-F68FC29A978A9634A417CF70ED05C1A1/libraries/SrcWrapper/stm32/interrupt.cpp.o
                0x0000000008001b14                std::_Function_base::~_Function_base()
                0x0000000008001b14                std::_Function_base::~_Function_base()
 *fill*         0x0000000008001b26        0x2 
 .text.HAL_GPIO_EXTI_Callback
                0x0000000008001b28       0x2c /tmp/arduino-sketch-F68FC29A978A9634A417CF70ED05C1A1/libraries/SrcWrapper/stm32/interrupt.cpp.o
                0x0000000008001b28                HAL_GPIO_EXTI_Callback
 .text.EXTI0_IRQHandler
                0x0000000008001b54        0x6 /tmp/arduino-sketch-F68FC29A978A9634A417CF70ED05C1A1/libraries/SrcWrapper/stm32/interrupt.cpp.o
                0x0000000008001b54                EXTI0_IRQHandler
 .text.EXTI1_IRQHandler
                0x0000000008001b5a        0x6 /tmp/arduino-sketch-F68FC29A978A9634A417CF70ED05C1A1/libraries/SrcWrapper/stm32/interrupt.cpp.o
                0x0000000008001b5a                EXTI1_IRQHandler
 .text.EXTI2_IRQHandler
                0x0000000008001b60        0x6 /tmp/arduino-sketch-F68FC29A978A9634A417CF70ED05C1A1/libraries/SrcWrapper/stm32/interrupt.cpp.o
                0x0000000008001b60                EXTI2_IRQHandler
 .text.EXTI3_IRQHandler
                0x0000000008001b66        0x6 /tmp/arduino-sketch-F68FC29A978A9634A417CF70ED05C1A1/libraries/SrcWrapper/stm32/interrupt.cpp.o
                0x0000000008001b66                EXTI3_IRQHandler
 .text.EXTI4_IRQHandler
                0x0000000008001b6c        0x6 /tmp/arduino-sketch-F68FC29A978A9634A417CF70ED05C1A1/libraries/SrcWrapper/stm32/interrupt.cpp.o
                0x0000000008001b6c                EXTI4_IRQHandler
 .text.EXTI9_5_IRQHandler
                0x0000000008001b72       0x16 /tmp/arduino-sketch-F68FC29A978A9634A417CF70ED05C1A1/libraries/SrcWrapper/stm32/interrupt.cpp.o
                0x0000000008001b72                EXTI9_5_IRQHandler
 .text.EXTI15_10_IRQHandler
                0x0000000008001b88       0x18 /tmp/arduino-sketch-F68FC29A978A9634A417CF70ED05C1A1/libraries/SrcWrapper/stm32/interrupt.cpp.o
                0x0000000008001b88                EXTI15_10_IRQHandler
 .text.startup._GLOBAL__sub_I__Z22stm32_interrupt_enableP12GPIO_TypeDeftSt8functionIFvvEEm
                0x0000000008001ba0       0x88 /tmp/arduino-sketch-F68FC29A978A9634A417CF70ED05C1A1/libraries/SrcWrapper/stm32/interrupt.cpp.o
 .text.exit._GLOBAL__sub_D__Z22stm32_interrupt_enableP12GPIO_TypeDeftSt8functionIFvvEEm
                0x0000000008001c28       0x1c /tmp/arduino-sketch-F68FC29A978A9634A417CF70ED05C1A1/libraries/SrcWrapper/stm32/interrupt.cpp.o
 .text.SystemClock_Config
                0x0000000008001c44       0xb8 /tmp/arduino-sketch-F68FC29A978A9634A417CF70ED05C1A1/core/variant.cpp.o
                0x0000000008001c44                SystemClock_Config
 .text.Reset_Handler
                0x0000000008001cfc       0x50 /tmp/arduino-core-cache/core_STM32_stm32_GenF4_b556ff8dea8d76f2849b723f656b7eb6.a(startup_stm32yyxx.S.o)
                0x0000000008001cfc                Reset_Handler
 .text.Default_Handler
                0x0000000008001d4c        0x2 /tmp/arduino-core-cache/core_STM32_stm32_GenF4_b556ff8dea8d76f2849b723f656b7eb6.a(startup_stm32yyxx.S.o)
                0x0000000008001d4c                HASH_RNG_IRQHandler
                0x0000000008001d4c                DebugMon_Handler
                0x0000000008001d4c                DMA2_Stream5_IRQHandler
                0x0000000008001d4c                HardFault_Handler
                0x0000000008001d4c                DMA1_Stream5_IRQHandler
                0x0000000008001d4c                PVD_IRQHandler
                0x0000000008001d4c                SDIO_IRQHandler
                0x0000000008001d4c                TAMP_STAMP_IRQHandler
                0x0000000008001d4c                PendSV_Handler
                0x0000000008001d4c                NMI_Handler
                0x0000000008001d4c                CAN2_RX1_IRQHandler
                0x0000000008001d4c                I2C3_ER_IRQHandler
                0x0000000008001d4c                I2C2_EV_IRQHandler
                0x0000000008001d4c                DMA1_Stream2_IRQHandler
                0x0000000008001d4c                CAN1_RX0_IRQHandler
                0x0000000008001d4c                FPU_IRQHandler
                0x0000000008001d4c                OTG_HS_WKUP_IRQHandler
                0x0000000008001d4c                UsageFault_Handler
                0x0000000008001d4c                CAN2_SCE_IRQHandler
                0x0000000008001d4c                DMA2_Stream2_IRQHandler
                0x0000000008001d4c                SPI1_IRQHandler
                0x0000000008001d4c                DCMI_IRQHandler
                0x0000000008001d4c                CAN2_RX0_IRQHandler
                0x0000000008001d4c                DMA2_Stream3_IRQHandler
                0x0000000008001d4c                CAN1_RX1_IRQHandler
                0x0000000008001d4c                DMA2_Stream0_IRQHandler
                0x0000000008001d4c                I2C1_EV_IRQHandler
                0x0000000008001d4c                DMA1_Stream6_IRQHandler
                0x0000000008001d4c                DMA1_Stream1_IRQHandler
                0x0000000008001d4c                RCC_IRQHandler
                0x0000000008001d4c                Default_Handler
                0x0000000008001d4c                ADC_IRQHandler
                0x0000000008001d4c                DMA1_Stream7_IRQHandler
                0x0000000008001d4c                CAN2_TX_IRQHandler
                0x0000000008001d4c                DMA2_Stream7_IRQHandler
                0x0000000008001d4c                I2C3_EV_IRQHandler
                0x0000000008001d4c                RTC_WKUP_IRQHandler
                0x0000000008001d4c                ETH_WKUP_IRQHandler
                0x0000000008001d4c                SPI2_IRQHandler
                0x0000000008001d4c                OTG_HS_EP1_IN_IRQHandler
                0x0000000008001d4c                MemManage_Handler
                0x0000000008001d4c                DMA1_Stream0_IRQHandler
                0x0000000008001d4c                CAN1_TX_IRQHandler
                0x0000000008001d4c                SVC_Handler
                0x0000000008001d4c                FSMC_IRQHandler
                0x0000000008001d4c                ETH_IRQHandler
                0x0000000008001d4c                OTG_HS_EP1_OUT_IRQHandler
                0x0000000008001d4c                WWDG_IRQHandler
                0x0000000008001d4c                OTG_FS_WKUP_IRQHandler
                0x0000000008001d4c                OTG_HS_IRQHandler
                0x0000000008001d4c                I2C2_ER_IRQHandler
                0x0000000008001d4c                DMA2_Stream1_IRQHandler
                0x0000000008001d4c                CAN1_SCE_IRQHandler
                0x0000000008001d4c                FLASH_IRQHandler
                0x0000000008001d4c                DMA2_Stream4_IRQHandler
                0x0000000008001d4c                BusFault_Handler
                0x0000000008001d4c                OTG_FS_IRQHandler
                0x0000000008001d4c                SPI3_IRQHandler
                0x0000000008001d4c                DMA1_Stream4_IRQHandler
                0x0000000008001d4c                I2C1_ER_IRQHandler
                0x0000000008001d4c                DMA2_Stream6_IRQHandler
                0x0000000008001d4c                DMA1_Stream3_IRQHandler
 *fill*         0x0000000008001d4e        0x2 
 .text.pinMode  0x0000000008001d50       0xb4 /tmp/arduino-core-cache/core_STM32_stm32_GenF4_b556ff8dea8d76f2849b723f656b7eb6.a(wiring_digital.c.o)
                0x0000000008001d50                pinMode
 .text.digitalWrite
                0x0000000008001e04       0x44 /tmp/arduino-core-cache/core_STM32_stm32_GenF4_b556ff8dea8d76f2849b723f656b7eb6.a(wiring_digital.c.o)
                0x0000000008001e04                digitalWrite
 .text.millis   0x0000000008001e48        0x4 /tmp/arduino-core-cache/core_STM32_stm32_GenF4_b556ff8dea8d76f2849b723f656b7eb6.a(wiring_time.c.o)
                0x0000000008001e48                millis
 .text.delay    0x0000000008001e4c       0x1c /tmp/arduino-core-cache/core_STM32_stm32_GenF4_b556ff8dea8d76f2849b723f656b7eb6.a(wiring_time.c.o)
                0x0000000008001e4c                delay
 .text._ZNSt8functionIFvvEEaSEDn.isra.0
                0x0000000008001e68       0x18 /tmp/arduino-core-cache/core_STM32_stm32_GenF4_b556ff8dea8d76f2849b723f656b7eb6.a(HardwareTimer.cpp.o)
 .text._Z15get_timer_indexP11TIM_TypeDef
                0x0000000008001e80       0xc0 /tmp/arduino-core-cache/core_STM32_stm32_GenF4_b556ff8dea8d76f2849b723f656b7eb6.a(HardwareTimer.cpp.o)
                0x0000000008001e80                get_timer_index(TIM_TypeDef*)
 .text._ZN13HardwareTimerD2Ev
                0x0000000008001f40       0x40 /tmp/arduino-core-cache/core_STM32_stm32_GenF4_b556ff8dea8d76f2849b723f656b7eb6.a(HardwareTimer.cpp.o)
                0x0000000008001f40                HardwareTimer::~HardwareTimer()
                0x0000000008001f40                HardwareTimer::~HardwareTimer()
 .text._ZN13HardwareTimerC2EP11TIM_TypeDef
                0x0000000008001f80       0xac /tmp/arduino-core-cache/core_STM32_stm32_GenF4_b556ff8dea8d76f2849b723f656b7eb6.a(HardwareTimer.cpp.o)
                0x0000000008001f80                HardwareTimer::HardwareTimer(TIM_TypeDef*)
                0x0000000008001f80                HardwareTimer::HardwareTimer(TIM_TypeDef*)
 .text.TIM1_UP_TIM10_IRQHandler
                0x000000000800202c       0x24 /tmp/arduino-core-cache/core_STM32_stm32_GenF4_b556ff8dea8d76f2849b723f656b7eb6.a(HardwareTimer.cpp.o)
                0x000000000800202c                TIM1_UP_TIM10_IRQHandler
 .text.TIM1_CC_IRQHandler
                0x0000000008002050       0x14 /tmp/arduino-core-cache/core_STM32_stm32_GenF4_b556ff8dea8d76f2849b723f656b7eb6.a(HardwareTimer.cpp.o)
                0x0000000008002050                TIM1_CC_IRQHandler
 .text.TIM2_IRQHandler
                0x0000000008002064       0x14 /tmp/arduino-core-cache/core_STM32_stm32_GenF4_b556ff8dea8d76f2849b723f656b7eb6.a(HardwareTimer.cpp.o)
                0x0000000008002064                TIM2_IRQHandler
 .text.TIM3_IRQHandler
                0x0000000008002078       0x14 /tmp/arduino-core-cache/core_STM32_stm32_GenF4_b556ff8dea8d76f2849b723f656b7eb6.a(HardwareTimer.cpp.o)
                0x0000000008002078                TIM3_IRQHandler
 .text.TIM4_IRQHandler
                0x000000000800208c       0x14 /tmp/arduino-core-cache/core_STM32_stm32_GenF4_b556ff8dea8d76f2849b723f656b7eb6.a(HardwareTimer.cpp.o)
                0x000000000800208c                TIM4_IRQHandler
 .text.TIM5_IRQHandler
                0x00000000080020a0       0x14 /tmp/arduino-core-cache/core_STM32_stm32_GenF4_b556ff8dea8d76f2849b723f656b7eb6.a(HardwareTimer.cpp.o)
                0x00000000080020a0                TIM5_IRQHandler
 .text.TIM6_DAC_IRQHandler
                0x00000000080020b4       0x14 /tmp/arduino-core-cache/core_STM32_stm32_GenF4_b556ff8dea8d76f2849b723f656b7eb6.a(HardwareTimer.cpp.o)
                0x00000000080020b4                TIM6_DAC_IRQHandler
 .text.TIM7_IRQHandler
                0x00000000080020c8       0x14 /tmp/arduino-core-cache/core_STM32_stm32_GenF4_b556ff8dea8d76f2849b723f656b7eb6.a(HardwareTimer.cpp.o)
                0x00000000080020c8                TIM7_IRQHandler
 .text.TIM8_UP_TIM13_IRQHandler
                0x00000000080020dc       0x14 /tmp/arduino-core-cache/core_STM32_stm32_GenF4_b556ff8dea8d76f2849b723f656b7eb6.a(HardwareTimer.cpp.o)
                0x00000000080020dc                TIM8_UP_TIM13_IRQHandler
 .text.TIM8_CC_IRQHandler
                0x00000000080020f0        0x4 /tmp/arduino-core-cache/core_STM32_stm32_GenF4_b556ff8dea8d76f2849b723f656b7eb6.a(HardwareTimer.cpp.o)
                0x00000000080020f0                TIM8_CC_IRQHandler
 .text.TIM1_BRK_TIM9_IRQHandler
                0x00000000080020f4       0x14 /tmp/arduino-core-cache/core_STM32_stm32_GenF4_b556ff8dea8d76f2849b723f656b7eb6.a(HardwareTimer.cpp.o)
                0x00000000080020f4                TIM1_BRK_TIM9_IRQHandler
 .text.TIM1_TRG_COM_TIM11_IRQHandler
                0x0000000008002108       0x14 /tmp/arduino-core-cache/core_STM32_stm32_GenF4_b556ff8dea8d76f2849b723f656b7eb6.a(HardwareTimer.cpp.o)
                0x0000000008002108                TIM1_TRG_COM_TIM11_IRQHandler
 .text.TIM8_BRK_TIM12_IRQHandler
                0x000000000800211c       0x14 /tmp/arduino-core-cache/core_STM32_stm32_GenF4_b556ff8dea8d76f2849b723f656b7eb6.a(HardwareTimer.cpp.o)
                0x000000000800211c                TIM8_BRK_TIM12_IRQHandler
 .text.TIM8_TRG_COM_TIM14_IRQHandler
                0x0000000008002130       0x14 /tmp/arduino-core-cache/core_STM32_stm32_GenF4_b556ff8dea8d76f2849b723f656b7eb6.a(HardwareTimer.cpp.o)
                0x0000000008002130                TIM8_TRG_COM_TIM14_IRQHandler
 .text._ZNKSt8functionIFvvEEclEv
                0x0000000008002144       0x12 /tmp/arduino-core-cache/core_STM32_stm32_GenF4_b556ff8dea8d76f2849b723f656b7eb6.a(HardwareTimer.cpp.o)
                0x0000000008002144                std::function<void ()>::operator()() const
 *fill*         0x0000000008002156        0x2 
 .text._ZN13HardwareTimer14updateCallbackEP17TIM_HandleTypeDef
                0x0000000008002158       0x28 /tmp/arduino-core-cache/core_STM32_stm32_GenF4_b556ff8dea8d76f2849b723f656b7eb6.a(HardwareTimer.cpp.o)
                0x0000000008002158                HardwareTimer::updateCallback(TIM_HandleTypeDef*)
 .text.HAL_TIM_PeriodElapsedCallback
                0x0000000008002180        0x4 /tmp/arduino-core-cache/core_STM32_stm32_GenF4_b556ff8dea8d76f2849b723f656b7eb6.a(HardwareTimer.cpp.o)
                0x0000000008002180                HAL_TIM_PeriodElapsedCallback
 .text._ZN13HardwareTimer22captureCompareCallbackEP17TIM_HandleTypeDef
                0x0000000008002184       0x50 /tmp/arduino-core-cache/core_STM32_stm32_GenF4_b556ff8dea8d76f2849b723f656b7eb6.a(HardwareTimer.cpp.o)
                0x0000000008002184                HardwareTimer::captureCompareCallback(TIM_HandleTypeDef*)
 .text.HAL_TIM_OC_DelayElapsedCallback
                0x00000000080021d4        0x4 /tmp/arduino-core-cache/core_STM32_stm32_GenF4_b556ff8dea8d76f2849b723f656b7eb6.a(HardwareTimer.cpp.o)
                0x00000000080021d4                HAL_TIM_OC_DelayElapsedCallback
 .text.HAL_TIM_IC_CaptureCallback
                0x00000000080021d8        0x4 /tmp/arduino-core-cache/core_STM32_stm32_GenF4_b556ff8dea8d76f2849b723f656b7eb6.a(HardwareTimer.cpp.o)
                0x00000000080021d8                HAL_TIM_IC_CaptureCallback
 .text.startup._Z7premainv
                0x00000000080021dc       0x10 /tmp/arduino-core-cache/core_STM32_stm32_GenF4_b556ff8dea8d76f2849b723f656b7eb6.a(main.cpp.o)
                0x00000000080021dc                premain()
 .text.startup.main
                0x00000000080021ec       0x14 /tmp/arduino-core-cache/core_STM32_stm32_GenF4_b556ff8dea8d76f2849b723f656b7eb6.a(main.cpp.o)
                0x00000000080021ec                main
 .text._Znwj    0x0000000008002200        0x4 /tmp/arduino-core-cache/core_STM32_stm32_GenF4_b556ff8dea8d76f2849b723f656b7eb6.a(new.cpp.o)
                0x0000000008002200                operator new(unsigned int)
 .text._ZdlPvj  0x0000000008002204        0x4 /tmp/arduino-core-cache/core_STM32_stm32_GenF4_b556ff8dea8d76f2849b723f656b7eb6.a(new.cpp.o)
                0x0000000008002204                operator delete(void*, unsigned int)
 .text.init     0x0000000008002208        0x4 /tmp/arduino-core-cache/core_STM32_stm32_GenF4_b556ff8dea8d76f2849b723f656b7eb6.a(board.c.o)
                0x0000000008002208                init
 .text.__empty  0x000000000800220c        0x2 /tmp/arduino-core-cache/core_STM32_stm32_GenF4_b556ff8dea8d76f2849b723f656b7eb6.a(hooks.c.o)
                0x000000000800220c                yield
 *fill*         0x000000000800220e        0x2 
 .text._Z14serialEventRunv
                0x0000000008002210       0x1c /tmp/arduino-core-cache/core_STM32_stm32_GenF4_b556ff8dea8d76f2849b723f656b7eb6.a(WSerial.cpp.o)
                0x0000000008002210                serialEventRun()
 .text._ZN14HardwareSerial16_tx_complete_irqEP8serial_s
                0x000000000800222c       0x24 /tmp/arduino-core-cache/core_STM32_stm32_GenF4_b556ff8dea8d76f2849b723f656b7eb6.a(HardwareSerial.cpp.o)
                0x000000000800222c                HardwareSerial::_tx_complete_irq(serial_s*)
 .text._ZN14HardwareSerial9availableEv
                0x0000000008002250       0x10 /tmp/arduino-core-cache/core_STM32_stm32_GenF4_b556ff8dea8d76f2849b723f656b7eb6.a(HardwareSerial.cpp.o)
                0x0000000008002250                HardwareSerial::available()
 .text._ZN14HardwareSerial4peekEv
                0x0000000008002260       0x1a /tmp/arduino-core-cache/core_STM32_stm32_GenF4_b556ff8dea8d76f2849b723f656b7eb6.a(HardwareSerial.cpp.o)
                0x0000000008002260                HardwareSerial::peek()
 *fill*         0x000000000800227a        0x2 
 .text._ZN14HardwareSerial5writeEh
                0x000000000800227c       0x60 /tmp/arduino-core-cache/core_STM32_stm32_GenF4_b556ff8dea8d76f2849b723f656b7eb6.a(HardwareSerial.cpp.o)
                0x000000000800227c                HardwareSerial::write(unsigned char)
 .text._ZN14HardwareSerial5flushEv
                0x00000000080022dc       0x14 /tmp/arduino-core-cache/core_STM32_stm32_GenF4_b556ff8dea8d76f2849b723f656b7eb6.a(HardwareSerial.cpp.o)
                0x00000000080022dc                HardwareSerial::flush()
 .text._ZN14HardwareSerial4initE7PinNameS0_
                0x00000000080022f0       0x2c /tmp/arduino-core-cache/core_STM32_stm32_GenF4_b556ff8dea8d76f2849b723f656b7eb6.a(HardwareSerial.cpp.o)
                0x00000000080022f0                HardwareSerial::init(PinName, PinName)
 .text._ZN14HardwareSerialC2EPv16HalfDuplexMode_t
                0x000000000800231c       0x7c /tmp/arduino-core-cache/core_STM32_stm32_GenF4_b556ff8dea8d76f2849b723f656b7eb6.a(HardwareSerial.cpp.o)
                0x000000000800231c                HardwareSerial::HardwareSerial(void*, HalfDuplexMode_t)
                0x000000000800231c                HardwareSerial::HardwareSerial(void*, HalfDuplexMode_t)
 .text._ZN14HardwareSerial18enableHalfDuplexRxEv
                0x0000000008002398       0x2c /tmp/arduino-core-cache/core_STM32_stm32_GenF4_b556ff8dea8d76f2849b723f656b7eb6.a(HardwareSerial.cpp.o)
                0x0000000008002398                HardwareSerial::enableHalfDuplexRx()
 .text._ZN14HardwareSerial4readEv
                0x00000000080023c4       0x2e /tmp/arduino-core-cache/core_STM32_stm32_GenF4_b556ff8dea8d76f2849b723f656b7eb6.a(HardwareSerial.cpp.o)
                0x00000000080023c4                HardwareSerial::read()
 *fill*         0x00000000080023f2        0x2 
 .text.startup._GLOBAL__sub_I_Serial1
                0x00000000080023f4       0x14 /tmp/arduino-core-cache/core_STM32_stm32_GenF4_b556ff8dea8d76f2849b723f656b7eb6.a(HardwareSerial.cpp.o)
 .text._ZN5Print5writeEPKhj
                0x0000000008002408       0x22 /tmp/arduino-core-cache/core_STM32_stm32_GenF4_b556ff8dea8d76f2849b723f656b7eb6.a(Print.cpp.o)
                0x0000000008002408                Print::write(unsigned char const*, unsigned int)
 .text._ZN6Stream9timedReadEv
                0x000000000800242a       0x2a /tmp/arduino-core-cache/core_STM32_stm32_GenF4_b556ff8dea8d76f2849b723f656b7eb6.a(Stream.cpp.o)
                0x000000000800242a                Stream::timedRead()
 .text._ZN6Stream9readBytesEPcj
                0x0000000008002454       0x22 /tmp/arduino-core-cache/core_STM32_stm32_GenF4_b556ff8dea8d76f2849b723f656b7eb6.a(Stream.cpp.o)
                0x0000000008002454                Stream::readBytes(char*, unsigned int)
 .text._ZN6Stream14readBytesUntilEcPcj
                0x0000000008002476       0x30 /tmp/arduino-core-cache/core_STM32_stm32_GenF4_b556ff8dea8d76f2849b723f656b7eb6.a(Stream.cpp.o)
                0x0000000008002476                Stream::readBytesUntil(char, char*, unsigned int)
 *fill*         0x00000000080024a6        0x2 
 .text.__libc_init_array
                0x00000000080024a8       0x48 /home/groowy/.arduino15/packages/STM32/tools/xpack-arm-none-eabi-gcc/9.2.1-1.1/bin/../lib/gcc/arm-none-eabi/9.2.1/../../../../arm-none-eabi/lib/thumb/v7e-m+fp/hard/libc_nano.a(lib_a-init.o)
                0x00000000080024a8                __libc_init_array
 .text.malloc   0x00000000080024f0       0x10 /home/groowy/.arduino15/packages/STM32/tools/xpack-arm-none-eabi-gcc/9.2.1-1.1/bin/../lib/gcc/arm-none-eabi/9.2.1/../../../../arm-none-eabi/lib/thumb/v7e-m+fp/hard/libc_nano.a(lib_a-malloc.o)
                0x00000000080024f0                malloc
 .text.free     0x0000000008002500       0x10 /home/groowy/.arduino15/packages/STM32/tools/xpack-arm-none-eabi-gcc/9.2.1-1.1/bin/../lib/gcc/arm-none-eabi/9.2.1/../../../../arm-none-eabi/lib/thumb/v7e-m+fp/hard/libc_nano.a(lib_a-malloc.o)
                0x0000000008002500                free
 .text._free_r  0x0000000008002510       0xa0 /home/groowy/.arduino15/packages/STM32/tools/xpack-arm-none-eabi-gcc/9.2.1-1.1/bin/../lib/gcc/arm-none-eabi/9.2.1/../../../../arm-none-eabi/lib/thumb/v7e-m+fp/hard/libc_nano.a(lib_a-nano-freer.o)
                0x0000000008002510                _free_r
 .text._malloc_r
                0x00000000080025b0       0xb4 /home/groowy/.arduino15/packages/STM32/tools/xpack-arm-none-eabi-gcc/9.2.1-1.1/bin/../lib/gcc/arm-none-eabi/9.2.1/../../../../arm-none-eabi/lib/thumb/v7e-m+fp/hard/libc_nano.a(lib_a-nano-mallocr.o)
                0x00000000080025b0                _malloc_r
 .text._sbrk_r  0x0000000008002664       0x20 /home/groowy/.arduino15/packages/STM32/tools/xpack-arm-none-eabi-gcc/9.2.1-1.1/bin/../lib/gcc/arm-none-eabi/9.2.1/../../../../arm-none-eabi/lib/thumb/v7e-m+fp/hard/libc_nano.a(lib_a-sbrkr.o)
                0x0000000008002664                _sbrk_r
 .text.__retarget_lock_acquire_recursive
                0x0000000008002684        0x2 /home/groowy/.arduino15/packages/STM32/tools/xpack-arm-none-eabi-gcc/9.2.1-1.1/bin/../lib/gcc/arm-none-eabi/9.2.1/../../../../arm-none-eabi/lib/thumb/v7e-m+fp/hard/libc_nano.a(lib_a-lock.o)
                0x0000000008002684                __retarget_lock_acquire_recursive
 .text.__retarget_lock_release_recursive
                0x0000000008002686        0x2 /home/groowy/.arduino15/packages/STM32/tools/xpack-arm-none-eabi-gcc/9.2.1-1.1/bin/../lib/gcc/arm-none-eabi/9.2.1/../../../../arm-none-eabi/lib/thumb/v7e-m+fp/hard/libc_nano.a(lib_a-lock.o)
                0x0000000008002686                __retarget_lock_release_recursive
 .text.__malloc_lock
                0x0000000008002688        0xc /home/groowy/.arduino15/packages/STM32/tools/xpack-arm-none-eabi-gcc/9.2.1-1.1/bin/../lib/gcc/arm-none-eabi/9.2.1/../../../../arm-none-eabi/lib/thumb/v7e-m+fp/hard/libc_nano.a(lib_a-mlock.o)
                0x0000000008002688                __malloc_lock
 .text.__malloc_unlock
                0x0000000008002694        0xc /home/groowy/.arduino15/packages/STM32/tools/xpack-arm-none-eabi-gcc/9.2.1-1.1/bin/../lib/gcc/arm-none-eabi/9.2.1/../../../../arm-none-eabi/lib/thumb/v7e-m+fp/hard/libc_nano.a(lib_a-mlock.o)
                0x0000000008002694                __malloc_unlock
 .text.__udivmoddi4
                0x00000000080026a0      0x2c4 /home/groowy/.arduino15/packages/STM32/tools/xpack-arm-none-eabi-gcc/9.2.1-1.1/bin/../lib/gcc/arm-none-eabi/9.2.1/thumb/v7e-m+fp/hard/libgcc.a(_udivmoddi4.o)
                0x00000000080026a0                __udivmoddi4
 .text.unlikely._ZSt25__throw_bad_function_callv
                0x0000000008002964        0x6 /home/groowy/.arduino15/packages/STM32/tools/xpack-arm-none-eabi-gcc/9.2.1-1.1/bin/../lib/gcc/arm-none-eabi/9.2.1/../../../../arm-none-eabi/lib/thumb/v7e-m+fp/hard/libstdc++_nano.a(functional.o)
                0x0000000008002964                std::__throw_bad_function_call()
 .text.abort    0x000000000800296a        0xe /home/groowy/.arduino15/packages/STM32/tools/xpack-arm-none-eabi-gcc/9.2.1-1.1/bin/../lib/gcc/arm-none-eabi/9.2.1/../../../../arm-none-eabi/lib/thumb/v7e-m+fp/hard/libc_nano.a(lib_a-abort.o)
                0x000000000800296a                abort
 .text._raise_r
                0x0000000008002978       0x50 /home/groowy/.arduino15/packages/STM32/tools/xpack-arm-none-eabi-gcc/9.2.1-1.1/bin/../lib/gcc/arm-none-eabi/9.2.1/../../../../arm-none-eabi/lib/thumb/v7e-m+fp/hard/libc_nano.a(lib_a-signal.o)
                0x0000000008002978                _raise_r
 .text.raise    0x00000000080029c8       0x10 /home/groowy/.arduino15/packages/STM32/tools/xpack-arm-none-eabi-gcc/9.2.1-1.1/bin/../lib/gcc/arm-none-eabi/9.2.1/../../../../arm-none-eabi/lib/thumb/v7e-m+fp/hard/libc_nano.a(lib_a-signal.o)
                0x00000000080029c8                raise
 .text._kill_r  0x00000000080029d8       0x24 /home/groowy/.arduino15/packages/STM32/tools/xpack-arm-none-eabi-gcc/9.2.1-1.1/bin/../lib/gcc/arm-none-eabi/9.2.1/../../../../arm-none-eabi/lib/thumb/v7e-m+fp/hard/libc_nano.a(lib_a-signalr.o)
                0x00000000080029d8                _kill_r
 .text._getpid_r
                0x00000000080029fc        0x4 /home/groowy/.arduino15/packages/STM32/tools/xpack-arm-none-eabi-gcc/9.2.1-1.1/bin/../lib/gcc/arm-none-eabi/9.2.1/../../../../arm-none-eabi/lib/thumb/v7e-m+fp/hard/libc_nano.a(lib_a-signalr.o)
                0x00000000080029fc                _getpid_r
 *(.glue_7)
 .glue_7        0x0000000008002a00        0x0 linker stubs
 *(.glue_7t)
 .glue_7t       0x0000000008002a00        0x0 linker stubs
 *(.eh_frame)
 .eh_frame      0x0000000008002a00        0x0 /home/groowy/.arduino15/packages/STM32/tools/xpack-arm-none-eabi-gcc/9.2.1-1.1/bin/../lib/gcc/arm-none-eabi/9.2.1/thumb/v7e-m+fp/hard/crtbegin.o
 *(.init)
 .init          0x0000000008002a00        0x4 /home/groowy/.arduino15/packages/STM32/tools/xpack-arm-none-eabi-gcc/9.2.1-1.1/bin/../lib/gcc/arm-none-eabi/9.2.1/thumb/v7e-m+fp/hard/crti.o
                0x0000000008002a00                _init
 .init          0x0000000008002a04        0x8 /home/groowy/.arduino15/packages/STM32/tools/xpack-arm-none-eabi-gcc/9.2.1-1.1/bin/../lib/gcc/arm-none-eabi/9.2.1/thumb/v7e-m+fp/hard/crtn.o
 *(.fini)
 .fini          0x0000000008002a0c        0x4 /home/groowy/.arduino15/packages/STM32/tools/xpack-arm-none-eabi-gcc/9.2.1-1.1/bin/../lib/gcc/arm-none-eabi/9.2.1/thumb/v7e-m+fp/hard/crti.o
                0x0000000008002a0c                _fini
 .fini          0x0000000008002a10        0x8 /home/groowy/.arduino15/packages/STM32/tools/xpack-arm-none-eabi-gcc/9.2.1-1.1/bin/../lib/gcc/arm-none-eabi/9.2.1/thumb/v7e-m+fp/hard/crtn.o
                0x0000000008002a18                . = ALIGN (0x4)
                0x0000000008002a18                _etext = .

.vfp11_veneer   0x0000000008002a18        0x0
 .vfp11_veneer  0x0000000008002a18        0x0 linker stubs

.v4_bx          0x0000000008002a18        0x0
 .v4_bx         0x0000000008002a18        0x0 linker stubs

.iplt           0x0000000008002a18        0x0
 .iplt          0x0000000008002a18        0x0 /home/groowy/.arduino15/packages/STM32/tools/xpack-arm-none-eabi-gcc/9.2.1-1.1/bin/../lib/gcc/arm-none-eabi/9.2.1/thumb/v7e-m+fp/hard/crtbegin.o

.rodata         0x0000000008002a18      0x624
                0x0000000008002a18                . = ALIGN (0x4)
 *(.rodata)
 *(.rodata*)
 .rodata.pin_function.str1.1
                0x0000000008002a18       0x64 /tmp/arduino-sketch-F68FC29A978A9634A417CF70ED05C1A1/libraries/SrcWrapper/stm32/pinmap.c.o
 .rodata.pin_map_ll
                0x0000000008002a7c       0x40 /tmp/arduino-sketch-F68FC29A978A9634A417CF70ED05C1A1/libraries/SrcWrapper/stm32/pinmap.c.o
                0x0000000008002a7c                pin_map_ll
 .rodata.AHBPrescTable
                0x0000000008002abc       0x10 /tmp/arduino-sketch-F68FC29A978A9634A417CF70ED05C1A1/libraries/SrcWrapper/stm32/system_stm32yyxx.c.o
                0x0000000008002abc                AHBPrescTable
 .rodata.getTimerUpIrq.str1.1
                0x0000000008002acc       0x18 /tmp/arduino-sketch-F68FC29A978A9634A417CF70ED05C1A1/libraries/SrcWrapper/stm32/timer.c.o
 .rodata.PinMap_DAC
                0x0000000008002ae4       0x24 /tmp/arduino-sketch-F68FC29A978A9634A417CF70ED05C1A1/core/PeripheralPins.c.o
                0x0000000008002ae4                PinMap_DAC
 .rodata.PinMap_PWM
                0x0000000008002b08      0x1f8 /tmp/arduino-sketch-F68FC29A978A9634A417CF70ED05C1A1/core/PeripheralPins.c.o
                0x0000000008002b08                PinMap_PWM
 .rodata.PinMap_UART_RX
                0x0000000008002d00       0x84 /tmp/arduino-sketch-F68FC29A978A9634A417CF70ED05C1A1/core/PeripheralPins.c.o
                0x0000000008002d00                PinMap_UART_RX
 .rodata.PinMap_UART_TX
                0x0000000008002d84       0x84 /tmp/arduino-sketch-F68FC29A978A9634A417CF70ED05C1A1/core/PeripheralPins.c.o
                0x0000000008002d84                PinMap_UART_TX
 .rodata.SystemClock_Config.str1.1
                0x0000000008002e08       0x5e /tmp/arduino-sketch-F68FC29A978A9634A417CF70ED05C1A1/core/variant.cpp.o
 .rodata.digitalPin
                0x0000000008002e66       0x96 /tmp/arduino-sketch-F68FC29A978A9634A417CF70ED05C1A1/core/variant.cpp.o
                0x0000000008002e66                digitalPin
 .rodata.pinMode.str1.1
                0x0000000008002efc       0x5b /tmp/arduino-core-cache/core_STM32_stm32_GenF4_b556ff8dea8d76f2849b723f656b7eb6.a(wiring_digital.c.o)
 .rodata._ZN13HardwareTimer12pauseChannelEm.str1.1
                0x0000000008002f57       0x5c /tmp/arduino-core-cache/core_STM32_stm32_GenF4_b556ff8dea8d76f2849b723f656b7eb6.a(HardwareTimer.cpp.o)
 *fill*         0x0000000008002fb3        0x1 
 .rodata._ZTV14HardwareSerial
                0x0000000008002fb4       0x28 /tmp/arduino-core-cache/core_STM32_stm32_GenF4_b556ff8dea8d76f2849b723f656b7eb6.a(HardwareSerial.cpp.o)
                0x0000000008002fb4                vtable for HardwareSerial
 .rodata.__sf_fake_stderr
                0x0000000008002fdc       0x20 /home/groowy/.arduino15/packages/STM32/tools/xpack-arm-none-eabi-gcc/9.2.1-1.1/bin/../lib/gcc/arm-none-eabi/9.2.1/../../../../arm-none-eabi/lib/thumb/v7e-m+fp/hard/libc_nano.a(lib_a-findfp.o)
                0x0000000008002fdc                __sf_fake_stderr
 .rodata.__sf_fake_stdin
                0x0000000008002ffc       0x20 /home/groowy/.arduino15/packages/STM32/tools/xpack-arm-none-eabi-gcc/9.2.1-1.1/bin/../lib/gcc/arm-none-eabi/9.2.1/../../../../arm-none-eabi/lib/thumb/v7e-m+fp/hard/libc_nano.a(lib_a-findfp.o)
                0x0000000008002ffc                __sf_fake_stdin
 .rodata.__sf_fake_stdout
                0x000000000800301c       0x20 /home/groowy/.arduino15/packages/STM32/tools/xpack-arm-none-eabi-gcc/9.2.1-1.1/bin/../lib/gcc/arm-none-eabi/9.2.1/../../../../arm-none-eabi/lib/thumb/v7e-m+fp/hard/libc_nano.a(lib_a-findfp.o)
                0x000000000800301c                __sf_fake_stdout
                0x000000000800303c                . = ALIGN (0x4)

.ARM.extab
 *(.ARM.extab* .gnu.linkonce.armextab.*)

.ARM            0x000000000800303c        0x8
                0x000000000800303c                __exidx_start = .
 *(.ARM.exidx*)
 .ARM.exidx.text.__udivmoddi4
                0x000000000800303c        0x8 /home/groowy/.arduino15/packages/STM32/tools/xpack-arm-none-eabi-gcc/9.2.1-1.1/bin/../lib/gcc/arm-none-eabi/9.2.1/thumb/v7e-m+fp/hard/libgcc.a(_udivmoddi4.o)
                0x0000000008003044                __exidx_end = .

.rel.dyn        0x0000000008003044        0x0
 .rel.iplt      0x0000000008003044        0x0 /home/groowy/.arduino15/packages/STM32/tools/xpack-arm-none-eabi-gcc/9.2.1-1.1/bin/../lib/gcc/arm-none-eabi/9.2.1/thumb/v7e-m+fp/hard/crtbegin.o

.preinit_array  0x0000000008003044        0x0
                0x0000000008003044                PROVIDE (__preinit_array_start = .)
 *(.preinit_array*)
                0x0000000008003044                PROVIDE (__preinit_array_end = .)

.init_array     0x0000000008003044       0x10
                0x0000000008003044                PROVIDE (__init_array_start = .)
 *(SORT_BY_NAME(.init_array.*))
 .init_array.00101
                0x0000000008003044        0x4 /tmp/arduino-core-cache/core_STM32_stm32_GenF4_b556ff8dea8d76f2849b723f656b7eb6.a(main.cpp.o)
 *(.init_array*)
 .init_array    0x0000000008003048        0x4 /home/groowy/.arduino15/packages/STM32/tools/xpack-arm-none-eabi-gcc/9.2.1-1.1/bin/../lib/gcc/arm-none-eabi/9.2.1/thumb/v7e-m+fp/hard/crtbegin.o
 .init_array    0x000000000800304c        0x4 /tmp/arduino-sketch-F68FC29A978A9634A417CF70ED05C1A1/libraries/SrcWrapper/stm32/interrupt.cpp.o
 .init_array    0x0000000008003050        0x4 /tmp/arduino-core-cache/core_STM32_stm32_GenF4_b556ff8dea8d76f2849b723f656b7eb6.a(HardwareSerial.cpp.o)
                0x0000000008003054                PROVIDE (__init_array_end = .)

.fini_array     0x0000000008003054        0x8
                [!provide]                        PROVIDE (__fini_array_start = .)
 *(SORT_BY_NAME(.fini_array.*))
 *(.fini_array*)
 .fini_array    0x0000000008003054        0x4 /home/groowy/.arduino15/packages/STM32/tools/xpack-arm-none-eabi-gcc/9.2.1-1.1/bin/../lib/gcc/arm-none-eabi/9.2.1/thumb/v7e-m+fp/hard/crtbegin.o
 .fini_array    0x0000000008003058        0x4 /tmp/arduino-sketch-F68FC29A978A9634A417CF70ED05C1A1/libraries/SrcWrapper/stm32/interrupt.cpp.o
                [!provide]                        PROVIDE (__fini_array_end = .)
                0x000000000800305c                _sidata = LOADADDR (.data)

.data           0x0000000020000000       0x98 load address 0x000000000800305c
                0x0000000020000000                . = ALIGN (0x4)
                0x0000000020000000                _sdata = .
 *(.data)
 *(.data*)
 .data.heap_end.9667
                0x0000000020000000        0x4 /tmp/arduino-sketch-F68FC29A978A9634A417CF70ED05C1A1/libraries/SrcWrapper/syscalls.c.o
 .data.uwTickFreq
                0x0000000020000004        0x1 /tmp/arduino-sketch-F68FC29A978A9634A417CF70ED05C1A1/libraries/SrcWrapper/HAL/stm32yyxx_hal.c.o
                0x0000000020000004                uwTickFreq
 *fill*         0x0000000020000005        0x3 
 .data.uwTickPrio
                0x0000000020000008        0x4 /tmp/arduino-sketch-F68FC29A978A9634A417CF70ED05C1A1/libraries/SrcWrapper/HAL/stm32yyxx_hal.c.o
                0x0000000020000008                uwTickPrio
 .data.GPIOPort
                0x000000002000000c       0x24 /tmp/arduino-sketch-F68FC29A978A9634A417CF70ED05C1A1/libraries/SrcWrapper/stm32/PortNames.c.o
                0x000000002000000c                GPIOPort
 .data.SystemCoreClock
                0x0000000020000030        0x4 /tmp/arduino-sketch-F68FC29A978A9634A417CF70ED05C1A1/libraries/SrcWrapper/stm32/system_stm32yyxx.c.o
                0x0000000020000030                SystemCoreClock
 .data._impure_ptr
                0x0000000020000034        0x4 /home/groowy/.arduino15/packages/STM32/tools/xpack-arm-none-eabi-gcc/9.2.1-1.1/bin/../lib/gcc/arm-none-eabi/9.2.1/../../../../arm-none-eabi/lib/thumb/v7e-m+fp/hard/libc_nano.a(lib_a-impure.o)
                0x0000000020000034                _impure_ptr
 .data.impure_data
                0x0000000020000038       0x60 /home/groowy/.arduino15/packages/STM32/tools/xpack-arm-none-eabi-gcc/9.2.1-1.1/bin/../lib/gcc/arm-none-eabi/9.2.1/../../../../arm-none-eabi/lib/thumb/v7e-m+fp/hard/libc_nano.a(lib_a-impure.o)
                0x0000000020000098                . = ALIGN (0x4)
                0x0000000020000098                _edata = .
                0x00000000080030f4                _siccmram = LOADADDR (.ccmram)

.igot.plt       0x0000000020000098        0x0 load address 0x00000000080030f4
 .igot.plt      0x0000000020000098        0x0 /home/groowy/.arduino15/packages/STM32/tools/xpack-arm-none-eabi-gcc/9.2.1-1.1/bin/../lib/gcc/arm-none-eabi/9.2.1/thumb/v7e-m+fp/hard/crtbegin.o

.ccmram         0x0000000010000000        0x0 load address 0x00000000080030f4
                0x0000000010000000                . = ALIGN (0x4)
                0x0000000010000000                _sccmram = .
 *(.ccmram)
 *(.ccmram*)
                0x0000000010000000                . = ALIGN (0x4)
                0x0000000010000000                _eccmram = .
                0x0000000010000000                . = ALIGN (0x4)

.bss            0x0000000020000098      0x314
                0x0000000020000098                _sbss = .
                0x0000000020000098                __bss_start__ = _sbss
 *(.bss)
 *(.bss*)
 .bss.completed.10274
                0x0000000020000098        0x1 /home/groowy/.arduino15/packages/STM32/tools/xpack-arm-none-eabi-gcc/9.2.1-1.1/bin/../lib/gcc/arm-none-eabi/9.2.1/thumb/v7e-m+fp/hard/crtbegin.o
 *fill*         0x0000000020000099        0x3 
 .bss.object.10279
                0x000000002000009c       0x18 /home/groowy/.arduino15/packages/STM32/tools/xpack-arm-none-eabi-gcc/9.2.1-1.1/bin/../lib/gcc/arm-none-eabi/9.2.1/thumb/v7e-m+fp/hard/crtbegin.o
 .bss.RTCUserCallback
                0x00000000200000b4        0x4 /tmp/arduino-sketch-F68FC29A978A9634A417CF70ED05C1A1/libraries/SrcWrapper/stm32/rtc.c.o
 .bss.RtcHandle
                0x00000000200000b8       0x20 /tmp/arduino-sketch-F68FC29A978A9634A417CF70ED05C1A1/libraries/SrcWrapper/stm32/rtc.c.o
 .bss.callbackUserData
                0x00000000200000d8        0x4 /tmp/arduino-sketch-F68FC29A978A9634A417CF70ED05C1A1/libraries/SrcWrapper/stm32/rtc.c.o
 .bss.uart_handlers
                0x00000000200000dc       0x18 /tmp/arduino-sketch-F68FC29A978A9634A417CF70ED05C1A1/libraries/SrcWrapper/stm32/uart.c.o
 .bss._ZL13gpio_irq_conf
                0x00000000200000f4      0x140 /tmp/arduino-sketch-F68FC29A978A9634A417CF70ED05C1A1/libraries/SrcWrapper/stm32/interrupt.cpp.o
 .bss.HardwareTimer_Handle
                0x0000000020000234       0x38 /tmp/arduino-core-cache/core_STM32_stm32_GenF4_b556ff8dea8d76f2849b723f656b7eb6.a(HardwareTimer.cpp.o)
                0x0000000020000234                HardwareTimer_Handle
 .bss.g_anOutputPinConfigured
                0x000000002000026c       0x24 /tmp/arduino-core-cache/core_STM32_stm32_GenF4_b556ff8dea8d76f2849b723f656b7eb6.a(wiring_analog.c.o)
                0x000000002000026c                g_anOutputPinConfigured
 .bss.Serial1   0x0000000020000290      0x100 /tmp/arduino-core-cache/core_STM32_stm32_GenF4_b556ff8dea8d76f2849b723f656b7eb6.a(HardwareSerial.cpp.o)
                0x0000000020000290                Serial1
 .bss.__malloc_free_list
                0x0000000020000390        0x4 /home/groowy/.arduino15/packages/STM32/tools/xpack-arm-none-eabi-gcc/9.2.1-1.1/bin/../lib/gcc/arm-none-eabi/9.2.1/../../../../arm-none-eabi/lib/thumb/v7e-m+fp/hard/libc_nano.a(lib_a-nano-mallocr.o)
                0x0000000020000390                __malloc_free_list
 .bss.__malloc_sbrk_start
                0x0000000020000394        0x4 /home/groowy/.arduino15/packages/STM32/tools/xpack-arm-none-eabi-gcc/9.2.1-1.1/bin/../lib/gcc/arm-none-eabi/9.2.1/../../../../arm-none-eabi/lib/thumb/v7e-m+fp/hard/libc_nano.a(lib_a-nano-mallocr.o)
                0x0000000020000394                __malloc_sbrk_start
 *(COMMON)
 COMMON         0x0000000020000398        0x4 /tmp/arduino-sketch-F68FC29A978A9634A417CF70ED05C1A1/libraries/SrcWrapper/HAL/stm32yyxx_hal.c.o
                0x0000000020000398                uwTick
 COMMON         0x000000002000039c        0x4 /home/groowy/.arduino15/packages/STM32/tools/xpack-arm-none-eabi-gcc/9.2.1-1.1/bin/../lib/gcc/arm-none-eabi/9.2.1/../../../../arm-none-eabi/lib/thumb/v7e-m+fp/hard/libc_nano.a(lib_a-reent.o)
                0x000000002000039c                errno
 COMMON         0x00000000200003a0        0x9 /home/groowy/.arduino15/packages/STM32/tools/xpack-arm-none-eabi-gcc/9.2.1-1.1/bin/../lib/gcc/arm-none-eabi/9.2.1/../../../../arm-none-eabi/lib/thumb/v7e-m+fp/hard/libc_nano.a(lib_a-lock.o)
                0x00000000200003a0                __lock___atexit_recursive_mutex
                0x00000000200003a1                __lock___arc4random_mutex
                0x00000000200003a2                __lock___env_recursive_mutex
                0x00000000200003a3                __lock___sinit_recursive_mutex
                0x00000000200003a4                __lock___malloc_recursive_mutex
                0x00000000200003a5                __lock___at_quick_exit_mutex
                0x00000000200003a6                __lock___dd_hash_mutex
                0x00000000200003a7                __lock___tz_mutex
                0x00000000200003a8                __lock___sfp_recursive_mutex
                0x00000000200003ac                . = ALIGN (0x4)
 *fill*         0x00000000200003a9        0x3 
                0x00000000200003ac                _ebss = .
                0x00000000200003ac                __bss_end__ = _ebss
LOAD /home/groowy/.arduino15/packages/STM32/tools/xpack-arm-none-eabi-gcc/9.2.1-1.1/bin/../lib/gcc/arm-none-eabi/9.2.1/thumb/v7e-m+fp/hard/crti.o
LOAD /home/groowy/.arduino15/packages/STM32/tools/xpack-arm-none-eabi-gcc/9.2.1-1.1/bin/../lib/gcc/arm-none-eabi/9.2.1/thumb/v7e-m+fp/hard/crtbegin.o
LOAD /home/groowy/.arduino15/packages/STM32/tools/xpack-arm-none-eabi-gcc/9.2.1-1.1/bin/../lib/gcc/arm-none-eabi/9.2.1/../../../../arm-none-eabi/lib/thumb/v7e-m+fp/hard/crt0.o
                0x0000000000000000                LD_FLASH_OFFSET = 0x0
                0x0000000000080000                LD_MAX_SIZE = 0x80000
                0x0000000000020000                LD_MAX_DATA_SIZE = 0x20000

.noinit         0x00000000200003ac        0x0
                0x00000000200003ac                . = ALIGN (0x4)
                0x00000000200003ac                _snoinit = .
 *(.noinit)
 *(.noinit*)
                0x00000000200003ac                . = ALIGN (0x4)
                0x00000000200003ac                _enoinit = .

._user_heap_stack
                0x00000000200003ac      0x600
                0x00000000200003ac                . = ALIGN (0x4)
                [!provide]                        PROVIDE (end = .)
                0x00000000200003ac                PROVIDE (_end = .)
                0x00000000200005ac                . = (. + _Min_Heap_Size)
 *fill*         0x00000000200003ac      0x200 
                0x00000000200009ac                . = (. + _Min_Stack_Size)
 *fill*         0x00000000200005ac      0x400 
                0x00000000200009ac                . = ALIGN (0x4)

/DISCARD/
 libc.a(*)
 libm.a(*)
 libgcc.a(*)

.ARM.attributes
                0x0000000000000000       0x30
 *(.ARM.attributes)
 .ARM.attributes
                0x0000000000000000       0x1e /home/groowy/.arduino15/packages/STM32/tools/xpack-arm-none-eabi-gcc/9.2.1-1.1/bin/../lib/gcc/arm-none-eabi/9.2.1/thumb/v7e-m+fp/hard/crti.o
 .ARM.attributes
                0x000000000000001e       0x34 /home/groowy/.arduino15/packages/STM32/tools/xpack-arm-none-eabi-gcc/9.2.1-1.1/bin/../lib/gcc/arm-none-eabi/9.2.1/thumb/v7e-m+fp/hard/crtbegin.o
 .ARM.attributes
                0x0000000000000052       0x34 /tmp/arduino-sketch-F68FC29A978A9634A417CF70ED05C1A1/sketch/proto_2_f405.ino.cpp.o
 .ARM.attributes
                0x0000000000000086       0x34 /tmp/arduino-sketch-F68FC29A978A9634A417CF70ED05C1A1/libraries/SrcWrapper/syscalls.c.o
 .ARM.attributes
                0x00000000000000ba       0x34 /tmp/arduino-sketch-F68FC29A978A9634A417CF70ED05C1A1/libraries/SrcWrapper/HAL/stm32yyxx_hal.c.o
 .ARM.attributes
                0x00000000000000ee       0x34 /tmp/arduino-sketch-F68FC29A978A9634A417CF70ED05C1A1/libraries/SrcWrapper/HAL/stm32yyxx_hal_cortex.c.o
 .ARM.attributes
                0x0000000000000122       0x34 /tmp/arduino-sketch-F68FC29A978A9634A417CF70ED05C1A1/libraries/SrcWrapper/HAL/stm32yyxx_hal_dac.c.o
 .ARM.attributes
                0x0000000000000156       0x34 /tmp/arduino-sketch-F68FC29A978A9634A417CF70ED05C1A1/libraries/SrcWrapper/HAL/stm32yyxx_hal_dma.c.o
 .ARM.attributes
                0x000000000000018a       0x34 /tmp/arduino-sketch-F68FC29A978A9634A417CF70ED05C1A1/libraries/SrcWrapper/HAL/stm32yyxx_hal_gpio.c.o
 .ARM.attributes
                0x00000000000001be       0x34 /tmp/arduino-sketch-F68FC29A978A9634A417CF70ED05C1A1/libraries/SrcWrapper/HAL/stm32yyxx_hal_rcc.c.o
 .ARM.attributes
                0x00000000000001f2       0x34 /tmp/arduino-sketch-F68FC29A978A9634A417CF70ED05C1A1/libraries/SrcWrapper/HAL/stm32yyxx_hal_rtc.c.o
 .ARM.attributes
                0x0000000000000226       0x34 /tmp/arduino-sketch-F68FC29A978A9634A417CF70ED05C1A1/libraries/SrcWrapper/HAL/stm32yyxx_hal_rtc_ex.c.o
 .ARM.attributes
                0x000000000000025a       0x34 /tmp/arduino-sketch-F68FC29A978A9634A417CF70ED05C1A1/libraries/SrcWrapper/HAL/stm32yyxx_hal_tim.c.o
 .ARM.attributes
                0x000000000000028e       0x34 /tmp/arduino-sketch-F68FC29A978A9634A417CF70ED05C1A1/libraries/SrcWrapper/HAL/stm32yyxx_hal_tim_ex.c.o
 .ARM.attributes
                0x00000000000002c2       0x34 /tmp/arduino-sketch-F68FC29A978A9634A417CF70ED05C1A1/libraries/SrcWrapper/HAL/stm32yyxx_hal_uart.c.o
 .ARM.attributes
                0x00000000000002f6       0x34 /tmp/arduino-sketch-F68FC29A978A9634A417CF70ED05C1A1/libraries/SrcWrapper/stm32/PortNames.c.o
 .ARM.attributes
                0x000000000000032a       0x34 /tmp/arduino-sketch-F68FC29A978A9634A417CF70ED05C1A1/libraries/SrcWrapper/stm32/clock.c.o
 .ARM.attributes
                0x000000000000035e       0x34 /tmp/arduino-sketch-F68FC29A978A9634A417CF70ED05C1A1/libraries/SrcWrapper/stm32/dwt.c.o
 .ARM.attributes
                0x0000000000000392       0x34 /tmp/arduino-sketch-F68FC29A978A9634A417CF70ED05C1A1/libraries/SrcWrapper/stm32/hw_config.c.o
 .ARM.attributes
                0x00000000000003c6       0x34 /tmp/arduino-sketch-F68FC29A978A9634A417CF70ED05C1A1/libraries/SrcWrapper/stm32/pinmap.c.o
 .ARM.attributes
                0x00000000000003fa       0x34 /tmp/arduino-sketch-F68FC29A978A9634A417CF70ED05C1A1/libraries/SrcWrapper/stm32/rtc.c.o
 .ARM.attributes
                0x000000000000042e       0x34 /tmp/arduino-sketch-F68FC29A978A9634A417CF70ED05C1A1/libraries/SrcWrapper/stm32/stm32_def.c.o
 .ARM.attributes
                0x0000000000000462       0x34 /tmp/arduino-sketch-F68FC29A978A9634A417CF70ED05C1A1/libraries/SrcWrapper/stm32/system_stm32yyxx.c.o
 .ARM.attributes
                0x0000000000000496       0x34 /tmp/arduino-sketch-F68FC29A978A9634A417CF70ED05C1A1/libraries/SrcWrapper/stm32/timer.c.o
 .ARM.attributes
                0x00000000000004ca       0x34 /tmp/arduino-sketch-F68FC29A978A9634A417CF70ED05C1A1/libraries/SrcWrapper/stm32/uart.c.o
 .ARM.attributes
                0x00000000000004fe       0x34 /tmp/arduino-sketch-F68FC29A978A9634A417CF70ED05C1A1/libraries/SrcWrapper/stm32/analog.cpp.o
 .ARM.attributes
                0x0000000000000532       0x34 /tmp/arduino-sketch-F68FC29A978A9634A417CF70ED05C1A1/libraries/SrcWrapper/stm32/interrupt.cpp.o
 .ARM.attributes
                0x0000000000000566       0x39 /tmp/arduino-sketch-F68FC29A978A9634A417CF70ED05C1A1/core/PeripheralPins.c.o
 .ARM.attributes
                0x000000000000059f       0x34 /tmp/arduino-sketch-F68FC29A978A9634A417CF70ED05C1A1/core/variant.cpp.o
 .ARM.attributes
                0x00000000000005d3       0x21 /tmp/arduino-core-cache/core_STM32_stm32_GenF4_b556ff8dea8d76f2849b723f656b7eb6.a(startup_stm32yyxx.S.o)
 .ARM.attributes
                0x00000000000005f4       0x34 /tmp/arduino-core-cache/core_STM32_stm32_GenF4_b556ff8dea8d76f2849b723f656b7eb6.a(wiring_digital.c.o)
 .ARM.attributes
                0x0000000000000628       0x34 /tmp/arduino-core-cache/core_STM32_stm32_GenF4_b556ff8dea8d76f2849b723f656b7eb6.a(wiring_time.c.o)
 .ARM.attributes
                0x000000000000065c       0x34 /tmp/arduino-core-cache/core_STM32_stm32_GenF4_b556ff8dea8d76f2849b723f656b7eb6.a(HardwareTimer.cpp.o)
 .ARM.attributes
                0x0000000000000690       0x34 /tmp/arduino-core-cache/core_STM32_stm32_GenF4_b556ff8dea8d76f2849b723f656b7eb6.a(main.cpp.o)
 .ARM.attributes
                0x00000000000006c4       0x34 /tmp/arduino-core-cache/core_STM32_stm32_GenF4_b556ff8dea8d76f2849b723f656b7eb6.a(new.cpp.o)
 .ARM.attributes
                0x00000000000006f8       0x34 /tmp/arduino-core-cache/core_STM32_stm32_GenF4_b556ff8dea8d76f2849b723f656b7eb6.a(board.c.o)
 .ARM.attributes
                0x000000000000072c       0x34 /tmp/arduino-core-cache/core_STM32_stm32_GenF4_b556ff8dea8d76f2849b723f656b7eb6.a(hooks.c.o)
 .ARM.attributes
                0x0000000000000760       0x34 /tmp/arduino-core-cache/core_STM32_stm32_GenF4_b556ff8dea8d76f2849b723f656b7eb6.a(wiring_analog.c.o)
 .ARM.attributes
                0x0000000000000794       0x34 /tmp/arduino-core-cache/core_STM32_stm32_GenF4_b556ff8dea8d76f2849b723f656b7eb6.a(WSerial.cpp.o)
 .ARM.attributes
                0x00000000000007c8       0x34 /tmp/arduino-core-cache/core_STM32_stm32_GenF4_b556ff8dea8d76f2849b723f656b7eb6.a(HardwareSerial.cpp.o)
 .ARM.attributes
                0x00000000000007fc       0x34 /tmp/arduino-core-cache/core_STM32_stm32_GenF4_b556ff8dea8d76f2849b723f656b7eb6.a(Print.cpp.o)
 .ARM.attributes
                0x0000000000000830       0x34 /tmp/arduino-core-cache/core_STM32_stm32_GenF4_b556ff8dea8d76f2849b723f656b7eb6.a(Stream.cpp.o)
 .ARM.attributes
                0x0000000000000864       0x32 /home/groowy/.arduino15/packages/STM32/tools/xpack-arm-none-eabi-gcc/9.2.1-1.1/bin/../lib/gcc/arm-none-eabi/9.2.1/../../../../arm-none-eabi/lib/thumb/v7e-m+fp/hard/libc_nano.a(lib_a-impure.o)
 .ARM.attributes
                0x0000000000000896       0x34 /home/groowy/.arduino15/packages/STM32/tools/xpack-arm-none-eabi-gcc/9.2.1-1.1/bin/../lib/gcc/arm-none-eabi/9.2.1/../../../../arm-none-eabi/lib/thumb/v7e-m+fp/hard/libc_nano.a(lib_a-init.o)
 .ARM.attributes
                0x00000000000008ca       0x34 /home/groowy/.arduino15/packages/STM32/tools/xpack-arm-none-eabi-gcc/9.2.1-1.1/bin/../lib/gcc/arm-none-eabi/9.2.1/../../../../arm-none-eabi/lib/thumb/v7e-m+fp/hard/libc_nano.a(lib_a-malloc.o)
 .ARM.attributes
                0x00000000000008fe       0x34 /home/groowy/.arduino15/packages/STM32/tools/xpack-arm-none-eabi-gcc/9.2.1-1.1/bin/../lib/gcc/arm-none-eabi/9.2.1/../../../../arm-none-eabi/lib/thumb/v7e-m+fp/hard/libc_nano.a(lib_a-nano-freer.o)
 .ARM.attributes
                0x0000000000000932       0x34 /home/groowy/.arduino15/packages/STM32/tools/xpack-arm-none-eabi-gcc/9.2.1-1.1/bin/../lib/gcc/arm-none-eabi/9.2.1/../../../../arm-none-eabi/lib/thumb/v7e-m+fp/hard/libc_nano.a(lib_a-nano-mallocr.o)
 .ARM.attributes
                0x0000000000000966       0x34 /home/groowy/.arduino15/packages/STM32/tools/xpack-arm-none-eabi-gcc/9.2.1-1.1/bin/../lib/gcc/arm-none-eabi/9.2.1/../../../../arm-none-eabi/lib/thumb/v7e-m+fp/hard/libc_nano.a(lib_a-reent.o)
 .ARM.attributes
                0x000000000000099a       0x34 /home/groowy/.arduino15/packages/STM32/tools/xpack-arm-none-eabi-gcc/9.2.1-1.1/bin/../lib/gcc/arm-none-eabi/9.2.1/../../../../arm-none-eabi/lib/thumb/v7e-m+fp/hard/libc_nano.a(lib_a-sbrkr.o)
 .ARM.attributes
                0x00000000000009ce       0x34 /home/groowy/.arduino15/packages/STM32/tools/xpack-arm-none-eabi-gcc/9.2.1-1.1/bin/../lib/gcc/arm-none-eabi/9.2.1/../../../../arm-none-eabi/lib/thumb/v7e-m+fp/hard/libc_nano.a(lib_a-findfp.o)
 .ARM.attributes
                0x0000000000000a02       0x34 /home/groowy/.arduino15/packages/STM32/tools/xpack-arm-none-eabi-gcc/9.2.1-1.1/bin/../lib/gcc/arm-none-eabi/9.2.1/../../../../arm-none-eabi/lib/thumb/v7e-m+fp/hard/libc_nano.a(lib_a-lock.o)
 .ARM.attributes
                0x0000000000000a36       0x34 /home/groowy/.arduino15/packages/STM32/tools/xpack-arm-none-eabi-gcc/9.2.1-1.1/bin/../lib/gcc/arm-none-eabi/9.2.1/../../../../arm-none-eabi/lib/thumb/v7e-m+fp/hard/libc_nano.a(lib_a-mlock.o)
 .ARM.attributes
                0x0000000000000a6a       0x1e /home/groowy/.arduino15/packages/STM32/tools/xpack-arm-none-eabi-gcc/9.2.1-1.1/bin/../lib/gcc/arm-none-eabi/9.2.1/thumb/v7e-m+fp/hard/libgcc.a(_aeabi_uldivmod.o)
 .ARM.attributes
                0x0000000000000a88       0x34 /home/groowy/.arduino15/packages/STM32/tools/xpack-arm-none-eabi-gcc/9.2.1-1.1/bin/../lib/gcc/arm-none-eabi/9.2.1/thumb/v7e-m+fp/hard/libgcc.a(_udivmoddi4.o)
 .ARM.attributes
                0x0000000000000abc       0x1e /home/groowy/.arduino15/packages/STM32/tools/xpack-arm-none-eabi-gcc/9.2.1-1.1/bin/../lib/gcc/arm-none-eabi/9.2.1/thumb/v7e-m+fp/hard/libgcc.a(_dvmd_tls.o)
 .ARM.attributes
                0x0000000000000ada       0x34 /home/groowy/.arduino15/packages/STM32/tools/xpack-arm-none-eabi-gcc/9.2.1-1.1/bin/../lib/gcc/arm-none-eabi/9.2.1/../../../../arm-none-eabi/lib/thumb/v7e-m+fp/hard/libstdc++_nano.a(functional.o)
 .ARM.attributes
                0x0000000000000b0e       0x34 /home/groowy/.arduino15/packages/STM32/tools/xpack-arm-none-eabi-gcc/9.2.1-1.1/bin/../lib/gcc/arm-none-eabi/9.2.1/../../../../arm-none-eabi/lib/thumb/v7e-m+fp/hard/libc_nano.a(lib_a-abort.o)
 .ARM.attributes
                0x0000000000000b42       0x34 /home/groowy/.arduino15/packages/STM32/tools/xpack-arm-none-eabi-gcc/9.2.1-1.1/bin/../lib/gcc/arm-none-eabi/9.2.1/../../../../arm-none-eabi/lib/thumb/v7e-m+fp/hard/libc_nano.a(lib_a-signal.o)
 .ARM.attributes